Component: ARM Compiler 5.06 update 4 (build 422) Tool: armlink [4d35d2]

==============================================================================

Section Cross References

    startup_stm32f10x_md.o(STACK) refers (Special) to heapauxi.o(.text) for __use_two_region_memory
    startup_stm32f10x_md.o(HEAP) refers (Special) to heapauxi.o(.text) for __use_two_region_memory
    startup_stm32f10x_md.o(RESET) refers (Special) to heapauxi.o(.text) for __use_two_region_memory
    startup_stm32f10x_md.o(RESET) refers to startup_stm32f10x_md.o(STACK) for __initial_sp
    startup_stm32f10x_md.o(RESET) refers to startup_stm32f10x_md.o(.text) for Reset_Handler
    startup_stm32f10x_md.o(RESET) refers to stm32f10x_it.o(i.NMI_Handler) for NMI_Handler
    startup_stm32f10x_md.o(RESET) refers to stm32f10x_it.o(i.HardFault_Handler) for HardFault_Handler
    startup_stm32f10x_md.o(RESET) refers to stm32f10x_it.o(i.MemManage_Handler) for MemManage_Handler
    startup_stm32f10x_md.o(RESET) refers to stm32f10x_it.o(i.BusFault_Handler) for BusFault_Handler
    startup_stm32f10x_md.o(RESET) refers to stm32f10x_it.o(i.UsageFault_Handler) for UsageFault_Handler
    startup_stm32f10x_md.o(RESET) refers to stm32f10x_it.o(i.SVC_Handler) for SVC_Handler
    startup_stm32f10x_md.o(RESET) refers to stm32f10x_it.o(i.DebugMon_Handler) for DebugMon_Handler
    startup_stm32f10x_md.o(RESET) refers to stm32f10x_it.o(i.PendSV_Handler) for PendSV_Handler
    startup_stm32f10x_md.o(RESET) refers to stm32f10x_it.o(i.SysTick_Handler) for SysTick_Handler
    startup_stm32f10x_md.o(RESET) refers to hal_gpio_api.o(i.EXTI0_IRQHandler) for EXTI0_IRQHandler
    startup_stm32f10x_md.o(RESET) refers to hal_gpio_api.o(i.EXTI1_IRQHandler) for EXTI1_IRQHandler
    startup_stm32f10x_md.o(RESET) refers to hal_gpio_api.o(i.EXTI2_IRQHandler) for EXTI2_IRQHandler
    startup_stm32f10x_md.o(RESET) refers to hal_gpio_api.o(i.EXTI3_IRQHandler) for EXTI3_IRQHandler
    startup_stm32f10x_md.o(RESET) refers to hal_gpio_api.o(i.EXTI4_IRQHandler) for EXTI4_IRQHandler
    startup_stm32f10x_md.o(RESET) refers to hal_gpio_api.o(i.EXTI9_5_IRQHandler) for EXTI9_5_IRQHandler
    startup_stm32f10x_md.o(RESET) refers to hal_uart_api.o(i.USART1_IRQHandler) for USART1_IRQHandler
    startup_stm32f10x_md.o(RESET) refers to hal_uart_api.o(i.USART2_IRQHandler) for USART2_IRQHandler
    startup_stm32f10x_md.o(RESET) refers to hal_uart_api.o(i.USART3_IRQHandler) for USART3_IRQHandler
    startup_stm32f10x_md.o(RESET) refers to hal_gpio_api.o(i.EXTI15_10_IRQHandler) for EXTI15_10_IRQHandler
    startup_stm32f10x_md.o(.text) refers (Special) to heapauxi.o(.text) for __use_two_region_memory
    startup_stm32f10x_md.o(.text) refers to system_stm32f10x.o(i.SystemInit) for SystemInit
    startup_stm32f10x_md.o(.text) refers to __main.o(!!!main) for __main
    startup_stm32f10x_md.o(.text) refers to startup_stm32f10x_md.o(HEAP) for Heap_Mem
    startup_stm32f10x_md.o(.text) refers to startup_stm32f10x_md.o(STACK) for Stack_Mem
    main.o(i.OnRxDone) refers to _printf_percent.o(.ARM.Collect$$_printf_percent$$00000000) for _printf_percent
    main.o(i.OnRxDone) refers to _printf_d.o(.ARM.Collect$$_printf_percent$$00000009) for _printf_d
    main.o(i.OnRxDone) refers to _printf_s.o(.ARM.Collect$$_printf_percent$$00000014) for _printf_s
    main.o(i.OnRxDone) refers to _printf_dec.o(.text) for _printf_int_dec
    main.o(i.OnRxDone) refers to _printf_str.o(.text) for _printf_str
    main.o(i.OnRxDone) refers to rt_memcpy_v6.o(.text) for __aeabi_memcpy
    main.o(i.OnRxDone) refers to noretval__2printf.o(.text) for __2printf
    main.o(i.OnRxDone) refers to memcmp.o(.text) for memcmp
    main.o(i.OnRxDone) refers to crc.o(i.RadioComputeCRC) for RadioComputeCRC
    main.o(i.OnRxDone) refers to main.o(.data) for BufferSize
    main.o(i.OnRxDone) refers to main.o(.bss) for RX_Buffer
    main.o(i.OnRxDone) refers to radio.o(.constdata) for Radio
    main.o(i.OnRxDone) refers to main.o(.constdata) for __func__
    main.o(i.OnRxError) refers to _printf_percent.o(.ARM.Collect$$_printf_percent$$00000000) for _printf_percent
    main.o(i.OnRxError) refers to _printf_d.o(.ARM.Collect$$_printf_percent$$00000009) for _printf_d
    main.o(i.OnRxError) refers to _printf_s.o(.ARM.Collect$$_printf_percent$$00000014) for _printf_s
    main.o(i.OnRxError) refers to _printf_dec.o(.text) for _printf_int_dec
    main.o(i.OnRxError) refers to _printf_str.o(.text) for _printf_str
    main.o(i.OnRxError) refers to noretval__2printf.o(.text) for __2printf
    main.o(i.OnRxError) refers to main.o(.constdata) for __func__
    main.o(i.OnRxTimeout) refers to _printf_percent.o(.ARM.Collect$$_printf_percent$$00000000) for _printf_percent
    main.o(i.OnRxTimeout) refers to _printf_d.o(.ARM.Collect$$_printf_percent$$00000009) for _printf_d
    main.o(i.OnRxTimeout) refers to _printf_s.o(.ARM.Collect$$_printf_percent$$00000014) for _printf_s
    main.o(i.OnRxTimeout) refers to _printf_dec.o(.text) for _printf_int_dec
[...]
    i.SVC_Handler                            0x08002048   Section        0  stm32f10x_it.o(i.SVC_Handler)
    i.SX126xAntSwOff                         0x0800204a   Section        0  sx126x-board.o(i.SX126xAntSwOff)
    i.SX126xAntSwOn                          0x0800204c   Section        0  sx126x-board.o(i.SX126xAntSwOn)
    i.SX126xCalibrateImage                   0x08002050   Section        0  sx126x.o(i.SX126xCalibrateImage)
    i.SX126xCheckDeviceReady                 0x080020d8   Section        0  sx126x.o(i.SX126xCheckDeviceReady)
    i.SX126xClearIrqStatus                   0x080020f6   Section        0  sx126x.o(i.SX126xClearIrqStatus)
    i.SX126xGetIrqStatus                     0x08002112   Section        0  sx126x.o(i.SX126xGetIrqStatus)
    i.SX126xGetOperatingMode                 0x0800212c   Section        0  sx126x.o(i.SX126xGetOperatingMode)
    i.SX126xGetPaSelect                      0x08002138   Section        0  sx126x-board.o(i.SX126xGetPaSelect)
    i.SX126xGetPacketStatus                  0x08002140   Section        0  sx126x.o(i.SX126xGetPacketStatus)
    i.SX126xGetPacketType                    0x080021dc   Section        0  sx126x.o(i.SX126xGetPacketType)
    i.SX126xGetPayload                       0x080021e8   Section        0  sx126x.o(i.SX126xGetPayload)
    i.SX126xGetRssiInst                      0x08002216   Section        0  sx126x.o(i.SX126xGetRssiInst)
    i.SX126xGetRxBufferStatus                0x08002232   Section        0  sx126x.o(i.SX126xGetRxBufferStatus)
    i.SX126xInit                             0x08002274   Section        0  sx126x.o(i.SX126xInit)
    i.SX126xReadBuffer                       0x08002298   Section        0  sx126x-board.o(i.SX126xReadBuffer)
    i.SX126xReadCommand                      0x080022f8   Section        0  sx126x-board.o(i.SX126xReadCommand)
    i.SX126xReadRegister                     0x08002350   Section        0  sx126x-board.o(i.SX126xReadRegister)
    i.SX126xReadRegisters                    0x08002364   Section        0  sx126x-board.o(i.SX126xReadRegisters)
    i.SX126xReset                            0x080023cc   Section        0  sx126x-board.o(i.SX126xReset)
    i.SX126xSendPayload                      0x080023fc   Section        0  sx126x.o(i.SX126xSendPayload)
    i.SX126xSetBufferBaseAddress             0x08002414   Section        0  sx126x.o(i.SX126xSetBufferBaseAddress)
    i.SX126xSetCad                           0x08002430   Section        0  sx126x.o(i.SX126xSetCad)
    i.SX126xSetCrcPolynomial                 0x08002448   Section        0  sx126x.o(i.SX126xSetCrcPolynomial)
    i.SX126xSetCrcSeed                       0x08002472   Section        0  sx126x.o(i.SX126xSetCrcSeed)
    i.SX126xSetDio2AsRfSwitchCtrl            0x0800249c   Section        0  sx126x.o(i.SX126xSetDio2AsRfSwitchCtrl)
    i.SX126xSetDioIrqParams                  0x080024aa   Section        0  sx126x.o(i.SX126xSetDioIrqParams)
    i.SX126xSetLoRaSymbNumTimeout            0x080024f4   Section        0  sx126x.o(i.SX126xSetLoRaSymbNumTimeout)
    i.SX126xSetModulationParams              0x08002504   Section        0  sx126x.o(i.SX126xSetModulationParams)
    i.SX126xSetPaConfig                      0x08002628   Section        0  sx126x.o(i.SX126xSetPaConfig)
    i.SX126xSetPacketParams                  0x08002650   Section        0  sx126x.o(i.SX126xSetPacketParams)
    i.SX126xSetPacketType                    0x08002730   Section        0  sx126x.o(i.SX126xSetPacketType)
    i.SX126xSetPayload                       0x0800274c   Section        0  sx126x.o(i.SX126xSetPayload)
    i.SX126xSetRegulatorMode                 0x0800275e   Section        0  sx126x.o(i.SX126xSetRegulatorMode)
    i.SX126xSetRfFrequency                   0x0800276c   Section        0  sx126x.o(i.SX126xSetRfFrequency)
    i.SX126xSetRfTxPower                     0x080027fc   Section        0  sx126x-board.o(i.SX126xSetRfTxPower)
    i.SX126xSetRx                            0x0800280c   Section        0  sx126x.o(i.SX126xSetRx)
    i.SX126xSetRxBoosted                     0x08002838   Section        0  sx126x.o(i.SX126xSetRxBoosted)
    i.SX126xSetRxDutyCycle                   0x08002870   Section        0  sx126x.o(i.SX126xSetRxDutyCycle)
    i.SX126xSetSleep                         0x080028b0   Section        0  sx126x.o(i.SX126xSetSleep)
    i.SX126xSetStandby                       0x080028cc   Section        0  sx126x.o(i.SX126xSetStandby)
    i.SX126xSetStopRxTimerOnPreambleDetect   0x080028f4   Section        0  sx126x.o(i.SX126xSetStopRxTimerOnPreambleDetect)
    i.SX126xSetSyncWord                      0x08002902   Section        0  sx126x.o(i.SX126xSetSyncWord)
    i.SX126xSetTx                            0x08002918   Section        0  sx126x.o(i.SX126xSetTx)
    i.SX126xSetTxContinuousWave              0x08002944   Section        0  sx126x.o(i.SX126xSetTxContinuousWave)
    i.SX126xSetTxParams                      0x08002952   Section        0  sx126x.o(i.SX126xSetTxParams)
    i.SX126xSetWhiteningSeed                 0x080029dc   Section        0  sx126x.o(i.SX126xSetWhiteningSeed)
    i.SX126xWaitOnBusy                       0x08002a18   Section        0  sx126x-board.o(i.SX126xWaitOnBusy)
    i.SX126xWakeup                           0x08002a30   Section        0  sx126x-board.o(i.SX126xWakeup)
    i.SX126xWriteBuffer                      0x08002a60   Section        0  sx126x-board.o(i.SX126xWriteBuffer)
    i.SX126xWriteCommand                     0x08002ab4   Section        0  sx126x-board.o(i.SX126xWriteCommand)
    i.SX126xWriteRegister                    0x08002b04   Section        0  sx126x-board.o(i.SX126xWriteRegister)
    i.SX126xWriteRegisters                   0x08002b14   Section        0  sx126x-board.o(i.SX126xWriteRegisters)
    i.SetSysClock                            0x08002b70   Section        0  system_stm32f10x.o(i.SetSysClock)
    SetSysClock                              0x08002b71   Thumb Code     8  system_stm32f10x.o(i.SetSysClock)
    i.SetSysClockTo72                        0x08002b78   Section        0  system_stm32f10x.o(i.SetSysClockTo72)
    SetSysClockTo72                          0x08002b79   Thumb Code   214  system_stm32f10x.o(i.SetSysClockTo72)
    i.SysTick_Handler                        0x08002c58   Section        0  stm32f10x_it.o(i.SysTick_Handler)
    i.SystemInit                             0x08002c7c   Section        0  system_stm32f10x.o(i.SystemInit)
    i.USART1_IRQHandler                      0x08002cdc   Section        0  hal_uart_api.o(i.USART1_IRQHandler)
    i.USART2_IRQHandler                      0x08002d10   Section        0  hal_uart_api.o(i.USART2_IRQHandler)
    i.USART3_IRQHandler                      0x08002d44   Section        0  hal_uart_api.o(i.USART3_IRQHandler)
    i.USART_Cmd                              0x08002d78   Section        0  stm32f10x_usart.o(i.USART_Cmd)
    i.USART_DeInit                           0x08002d90   Section        0  stm32f10x_usart.o(i.USART_DeInit)
    i.USART_GetFlagStatus                    0x08002e2c   Section        0  stm32f10x_usart.o(i.USART_GetFlagStatus)
    i.USART_ITConfig                         0x08002e46   Section        0  stm32f10x_usart.o(i.USART_ITConfig)
    i.USART_Init                             0x08002e90   Section        0  stm32f10x_usart.o(i.USART_Init)
    i.USART_ReceiveData                      0x08002f68   Section        0  stm32f10x_usart.o(i.USART_ReceiveData)
    i.USART_SendData                         0x08002f72   Section        0  stm32f10x_usart.o(i.USART_SendData)
    i.UsageFault_Handler                     0x08002f7a   Section        0  stm32f10x_it.o(i.UsageFault_Handler)
    i.__ARM_fpclassify                       0x08002f7e   Section        0  fpclassify.o(i.__ARM_fpclassify)
    i.__kernel_poly                          0x08002fa6   Section        0  poly.o(i.__kernel_poly)
    i.__mathlib_dbl_divzero                  0x08003050   Section        0  dunder.o(i.__mathlib_dbl_divzero)
    i.__mathlib_dbl_infnan2                  0x08003060   Section        0  dunder.o(i.__mathlib_dbl_infnan2)
    i.__mathlib_dbl_invalid                  0x08003064   Section        0  dunder.o(i.__mathlib_dbl_invalid)
    i.__mathlib_dbl_overflow                 0x08003070   Section        0  dunder.o(i.__mathlib_dbl_overflow)
    i.__mathlib_dbl_underflow                0x08003080   Section        0  dunder.o(i.__mathlib_dbl_underflow)
    i._sys_exit                              0x08003090   Section        0  hal_uart_api.o(i._sys_exit)
    i.ceil                                   0x08003098   Section        0  ceil.o(i.ceil)
    i.floor                                  0x08003174   Section        0  floor.o(i.floor)
    i.fputc                                  0x08003250   Section        0  hal_uart_api.o(i.fputc)
    i.main                                   0x08003274   Section        0  main.o(i.main)
    i.pow                                    0x080033f8   Section        0  pow.o(i.pow)
    i.rint                                   0x08003dd0   Section        0  rint.o(i.rint)
    i.sqrt                                   0x08003dd4   Section        0  sqrt.o(i.sqrt)
    x$fpl$dadd                               0x08003e20   Section      336  daddsub_clz.o(x$fpl$dadd)
    _dadd1                                   0x08003e31   Thumb Code     0  daddsub_clz.o(x$fpl$dadd)
    x$fpl$dcheck1                            0x08003f70   Section       16  dcheck1.o(x$fpl$dcheck1)
    x$fpl$dcmpinf                            0x08003f80   Section       24  dcmpi.o(x$fpl$dcmpinf)
    x$fpl$ddiv                               0x08003f98   Section      688  ddiv.o(x$fpl$ddiv)
    ddiv_entry                               0x08003f9f   Thumb Code     0  ddiv.o(x$fpl$ddiv)
    x$fpl$dfixu                              0x08004248   Section       90  dfixu.o(x$fpl$dfixu)
    x$fpl$dflt                               0x080042a2   Section       46  dflt_clz.o(x$fpl$dflt)
    x$fpl$dfltu                              0x080042d0   Section       38  dflt_clz.o(x$fpl$dfltu)
    x$fpl$dleqf                              0x080042f8   Section      120  dleqf.o(x$fpl$dleqf)
    x$fpl$dmul                               0x08004370   Section      340  dmul.o(x$fpl$dmul)
    x$fpl$dnaninf                            0x080044c4   Section      156  dnaninf.o(x$fpl$dnaninf)
    x$fpl$dretinf                            0x08004560   Section       12  dretinf.o(x$fpl$dretinf)
    x$fpl$drleqf                             0x0800456c   Section      108  drleqf.o(x$fpl$drleqf)
    x$fpl$drnd                               0x080045d8   Section      180  drnd.o(x$fpl$drnd)
    x$fpl$drsb                               0x0800468c   Section       22  daddsub_clz.o(x$fpl$drsb)
    x$fpl$dsqrt                              0x080046a4   Section      460  dsqrt_noumaal.o(x$fpl$dsqrt)
    x$fpl$dsub                               0x08004870   Section      468  daddsub_clz.o(x$fpl$dsub)
    _dsub1                                   0x08004881   Thumb Code     0  daddsub_clz.o(x$fpl$dsub)
    x$fpl$retnan                             0x08004a44   Section      100  retnan.o(x$fpl$retnan)
    x$fpl$scalbn                             0x08004aa8   Section       92  scalbn.o(x$fpl$scalbn)
    x$fpl$trapveneer                         0x08004b04   Section       48  trapv.o(x$fpl$trapveneer)
    .constdata                               0x08004b34   Section       86  main.o(.constdata)
    x$fpl$usenofp                            0x08004b34   Section        0  usenofp.o(x$fpl$usenofp)
    __func__                                 0x08004b51   Data           9  main.o(.constdata)
    __func__                                 0x08004b5a   Data           9  main.o(.constdata)
    __func__                                 0x08004b63   Data          12  main.o(.constdata)
    __func__                                 0x08004b6f   Data          12  main.o(.constdata)
    __func__                                 0x08004b7b   Data          10  main.o(.constdata)
    __func__                                 0x08004b85   Data           5  main.o(.constdata)
    .constdata                               0x08004b8c   Section      147  hal_gpio_api.o(.constdata)
    HAL_GpioPingIndex                        0x08004b8c   Data          34  hal_gpio_api.o(.constdata)
    HAL_GpioRccPeriph                        0x08004bb0   Data          28  hal_gpio_api.o(.constdata)
    HAL_GpioEXTI_Line                        0x08004bcc   Data          64  hal_gpio_api.o(.constdata)
    HAL_GpioEXTITrigger_Type                 0x08004c0c   Data           3  hal_gpio_api.o(.constdata)
    HAL_GpioIrqN                             0x08004c0f   Data          16  hal_gpio_api.o(.constdata)
    .constdata                               0x08004c1f   Section        6  hal_uart_api.o(.constdata)
    HAL_UartIrqArray                         0x08004c1f   Data           6  hal_uart_api.o(.constdata)
    .constdata                               0x08004c26   Section       28  hal_spi_api.o(.constdata)
    HAL_CPOLArray                            0x08004c26   Data           4  hal_spi_api.o(.constdata)
    HAL_CPHAArray                            0x08004c2a   Data           4  hal_spi_api.o(.constdata)
    HAL_PrescalerArray                       0x08004c2e   Data          16  hal_spi_api.o(.constdata)
    HAL_FirstBitArray                        0x08004c3e   Data           4  hal_spi_api.o(.constdata)
    .constdata                               0x08004c42   Section       20  example_hal_gpio_in_out.o(.constdata)
    __func__                                 0x08004c42   Data          20  example_hal_gpio_in_out.o(.constdata)
    .constdata                               0x08004c58   Section      287  radio.o(.constdata)
    .constdata                               0x08004d78   Section      136  pow.o(.constdata)
    bp                                       0x08004d78   Data          16  pow.o(.constdata)
    dp_h                                     0x08004d88   Data          16  pow.o(.constdata)
    dp_l                                     0x08004d98   Data          16  pow.o(.constdata)
    L                                        0x08004da8   Data          48  pow.o(.constdata)
    P                                        0x08004dd8   Data          40  pow.o(.constdata)
    .constdata                               0x08004e00   Section        8  qnan.o(.constdata)
    .data                                    0x20000000   Section        8  main.o(.data)
    .data                                    0x20000008   Section        4  stm32f10x_it.o(.data)
    g_u32SystickCount                        0x20000008   Data           4  stm32f10x_it.o(.data)
    .data                                    0x2000000c   Section       20  system_stm32f10x.o(.data)
    .data                                    0x20000020   Section       20  stm32f10x_rcc.o(.data)
    APBAHBPrescTable                         0x20000020   Data          16  stm32f10x_rcc.o(.data)
    ADCPrescTable                            0x20000030   Data           4  stm32f10x_rcc.o(.data)
    .data                                    0x20000034   Section       28  hal_gpio_api.o(.data)
    HAL_GpioPortIndex                        0x20000034   Data          28  hal_gpio_api.o(.data)
    .data                                    0x20000050   Section       28  hal_uart_api.o(.data)
    HAL_UartTypeDefArray                     0x20000050   Data          24  hal_uart_api.o(.data)
    .data                                    0x2000006c   Section       40  hal_spi_api.o(.data)
    HAL_SpiLockArray                         0x2000006c   Data          24  hal_spi_api.o(.data)
    HAL_SpiTypeDefArray                      0x20000084   Data          16  hal_spi_api.o(.data)
    .data                                    0x20000094   Section        4  my_delay.o(.data)
    .data                                    0x20000098   Section      164  radio.o(.data)
    RadioLoRaSymbTime                        0x20000098   Data         144  radio.o(.data)
    RadioPublicNetwork                       0x20000136   Data           2  radio.o(.data)
    RadioEvents                              0x20000138   Data           4  radio.o(.data)
    .data                                    0x2000013c   Section        9  sx126x.o(.data)
    OperatingMode                            0x2000013c   Data           1  sx126x.o(.data)
    PacketType                               0x2000013d   Data           1  sx126x.o(.data)
    ImageCalibrated                          0x20000144   Data           1  sx126x.o(.data)
    .bss                                     0x20000148   Section      156  main.o(.bss)
    RadioEvents                              0x20000148   Data          28  main.o(.bss)
    .bss                                     0x200001e4   Section       64  hal_gpio_api.o(.bss)
    HAL_GpioIrqCallBackArray                 0x200001e4   Data          64  hal_gpio_api.o(.bss)
    .bss                                     0x20000224   Section       24  hal_uart_api.o(.bss)
    HAL_UartCallBackArray                    0x20000224   Data          24  hal_uart_api.o(.bss)
    .bss                                     0x2000023c   Section      336  radio.o(.bss)
    .bss                                     0x2000038c   Section       96  libspace.o(.bss)
    HEAP                                     0x200003f0   Section      512  startup_stm32f10x_md.o(HEAP)
    Heap_Mem                                 0x200003f0   Data         512  startup_stm32f10x_md.o(HEAP)
    STACK                                    0x200005f0   Section     1024  startup_stm32f10x_md.o(STACK)
    Stack_Mem                                0x200005f0   Data        1024  startup_stm32f10x_md.o(STACK)
    __initial_sp                             0x200009f0   Data           0  startup_stm32f10x_md.o(STACK)

    Global Symbols

    Symbol Name                              Value     Ov Type        Size  Object(Section)

    BuildAttributes$$THM_ISAv4$P$D$K$B$S$PE$A:L22UL41UL21$X:L11$S22US41US21$IEEE1$IW$USESV6$~STKCKD$USESV7$~SHL$OTIME$ROPI$IEEEX$EBA8$UX$STANDARDLIB$REQ8$PRES8$EABIv2 0x00000000   Number         0  anon$$obj.o ABSOLUTE
    __ARM_use_no_argv                        0x00000000   Number         0  main.o ABSOLUTE
    __ARM_exceptions_init                     - Undefined Weak Reference
    __alloca_initialize                       - Undefined Weak Reference
    __arm_preinit_                            - Undefined Weak Reference
    __cpp_initialize__aeabi_                  - Undefined Weak Reference
    __cxa_finalize                            - Undefined Weak Reference
    __rt_locale                               - Undefined Weak Reference
    __sigvec_lookup                           - Undefined Weak Reference
    _atexit_init                              - Undefined Weak Reference
    _call_atexit_fns                          - Undefined Weak Reference
    _clock_init                               - Undefined Weak Reference
    _fp_trap_init                             - Undefined Weak Reference
    _fp_trap_shutdown                         - Undefined Weak Reference
    _get_lc_collate                           - Undefined Weak Reference
    _get_lc_ctype                             - Undefined Weak Reference
    _get_lc_monetary                          - Undefined Weak Reference
    _get_lc_numeric                           - Undefined Weak Reference
    _get_lc_time                              - Undefined Weak Reference
    _getenv_init                              - Undefined Weak Reference
    _handle_redirection                       - Undefined Weak Reference
    _init_alloc                               - Undefined Weak Reference
    _init_user_alloc                          - Undefined Weak Reference
    _initio                                   - Undefined Weak Reference
    _mutex_acquire                            - Undefined Weak Reference
    _mutex_release                            - Undefined Weak Reference
    _printf_mbtowc                            - Undefined Weak Reference
    _printf_post_padding                      - Undefined Weak Reference
    _printf_pre_padding                       - Undefined Weak Reference
    _printf_truncate_signed                   - Undefined Weak Reference
    _printf_truncate_unsigned                 - Undefined Weak Reference
    _rand_init                                - Undefined Weak Reference
    _signal_finish                            - Undefined Weak Reference
    _signal_init                              - Undefined Weak Reference
    _terminate_alloc                          - Undefined Weak Reference
    _terminate_user_alloc                     - Undefined Weak Reference
    _terminateio                              - Undefined Weak Reference
    __Vectors_Size                           0x000000ec   Number         0  startup_stm32f10x_md.o ABSOLUTE
    __Vectors                                0x08000000   Data           4  startup_stm32f10x_md.o(RESET)
    __Vectors_End                            0x080000ec   Data           0  startup_stm32f10x_md.o(RESET)
    __main                                   0x080000ed   Thumb Code     8  __main.o(!!!main)
    __scatterload                            0x080000f5   Thumb Code     0  __scatter.o(!!!scatter)
    __scatterload_rt2                        0x080000f5   Thumb Code    44  __scatter.o(!!!scatter)
    __scatterload_rt2_thumb_only             0x080000f5   Thumb Code     0  __scatter.o(!!!scatter)
    __scatterload_null                       0x08000103   Thumb Code     0  __scatter.o(!!!scatter)
    __decompress                             0x08000129   Thumb Code    90  __dczerorl2.o(!!dczerorl2)
    __decompress1                            0x08000129   Thumb Code     0  __dczerorl2.o(!!dczerorl2)
    __scatterload_zeroinit                   0x08000185   Thumb Code    28  __scatter_zi.o(!!handler_zi)
    _printf_d                                0x080001a1   Thumb Code     0  _printf_d.o(.ARM.Collect$$_printf_percent$$00000009)
    _printf_percent                          0x080001a1   Thumb Code     0  _printf_percent.o(.ARM.Collect$$_printf_percent$$00000000)
    _printf_s                                0x080001a7   Thumb Code     0  _printf_s.o(.ARM.Collect$$_printf_percent$$00000014)
    _printf_percent_end                      0x080001ad   Thumb Code     0  _printf_percent_end.o(.ARM.Collect$$_printf_percent$$00000017)
    __rt_lib_init                            0x080001b1   Thumb Code     0  libinit.o(.ARM.Collect$$libinit$$00000000)
    __rt_lib_init_alloca_1                   0x080001b3   Thumb Code     0  libinit2.o(.ARM.Collect$$libinit$$0000002E)
    __rt_lib_init_argv_1                     0x080001b3   Thumb Code     0  libinit2.o(.ARM.Collect$$libinit$$0000002C)
    __rt_lib_init_atexit_1                   0x080001b3   Thumb Code     0  libinit2.o(.ARM.Collect$$libinit$$0000001B)
    __rt_lib_init_clock_1                    0x080001b3   Thumb Code     0  libinit2.o(.ARM.Collect$$libinit$$00000021)
    __rt_lib_init_cpp_1                      0x080001b3   Thumb Code     0  libinit2.o(.ARM.Collect$$libinit$$00000032)
    __rt_lib_init_exceptions_1               0x080001b3   Thumb Code     0  libinit2.o(.ARM.Collect$$libinit$$00000030)
    __rt_lib_init_fp_1                       0x080001b3   Thumb Code     0  libinit2.o(.ARM.Collect$$libinit$$00000002)
    __rt_lib_init_fp_trap_1                  0x080001b3   Thumb Code     0  libinit2.o(.ARM.Collect$$libinit$$0000001F)
    __rt_lib_init_getenv_1                   0x080001b3   Thumb Code     0  libinit2.o(.ARM.Collect$$libinit$$00000023)
    __rt_lib_init_heap_1                     0x080001b3   Thumb Code     0  libinit2.o(.ARM.Collect$$libinit$$0000000A)
    __rt_lib_init_lc_collate_1               0x080001b3   Thumb Code     0  libinit2.o(.ARM.Collect$$libinit$$00000011)
    __rt_lib_init_lc_ctype_1                 0x080001b3   Thumb Code     0  libinit2.o(.ARM.Collect$$libinit$$00000013)
    __rt_lib_init_lc_monetary_1              0x080001b3   Thumb Code     0  libinit2.o(.ARM.Collect$$libinit$$00000015)
    __rt_lib_init_lc_numeric_1               0x080001b3   Thumb Code     0  libinit2.o(.ARM.Collect$$libinit$$00000017)
    __rt_lib_init_lc_time_1                  0x080001b3   Thumb Code     0  libinit2.o(.ARM.Collect$$libinit$$00000019)
    __rt_lib_init_preinit_1                  0x080001b3   Thumb Code     0  libinit2.o(.ARM.Collect$$libinit$$00000004)
    __rt_lib_init_rand_1                     0x080001b3   Thumb Code     0  libinit2.o(.ARM.Collect$$libinit$$0000000E)
    __rt_lib_init_return                     0x080001b3   Thumb Code     0  libinit2.o(.ARM.Collect$$libinit$$00000033)
    __rt_lib_init_signal_1                   0x080001b3   Thumb Code     0  libinit2.o(.ARM.Collect$$libinit$$0000001D)
    __rt_lib_init_stdio_1                    0x080001b3   Thumb Code     0  libinit2.o(.ARM.Collect$$libinit$$00000025)
    __rt_lib_init_user_alloc_1               0x080001b3   Thumb Code     0  libinit2.o(.ARM.Collect$$libinit$$0000000C)
    __rt_lib_shutdown                        0x080001b5   Thumb Code     0  libshutdown.o(.ARM.Collect$$libshutdown$$00000000)
    __rt_lib_shutdown_cpp_1                  0x080001b7   Thumb Code     0  libshutdown2.o(.ARM.Collect$$libshutdown$$00000002)
    __rt_lib_shutdown_fp_trap_1              0x080001b7   Thumb Code     0  libshutdown2.o(.ARM.Collect$$libshutdown$$00000007)
    __rt_lib_shutdown_heap_1                 0x080001b7   Thumb Code     0  libshutdown2.o(.ARM.Collect$$libshutdown$$0000000F)
    __rt_lib_shutdown_return                 0x080001b7   Thumb Code     0  libshutdown2.o(.ARM.Collect$$libshutdown$$00000010)
    __rt_lib_shutdown_signal_1               0x080001b7   Thumb Code     0  libshutdown2.o(.ARM.Collect$$libshutdown$$0000000A)
    __rt_lib_shutdown_stdio_1                0x080001b7   Thumb Code     0  libshutdown2.o(.ARM.Collect$$libshutdown$$00000004)
    __rt_lib_shutdown_user_alloc_1           0x080001b7   Thumb Code     0  libshutdown2.o(.ARM.Collect$$libshutdown$$0000000C)
    __rt_entry                               0x080001b9   Thumb Code     0  __rtentry.o(.ARM.Collect$$rtentry$$00000000)
    __rt_entry_presh_1                       0x080001b9   Thumb Code     0  __rtentry2.o(.ARM.Collect$$rtentry$$00000002)
    __rt_entry_sh                            0x080001b9   Thumb Code     0  __rtentry4.o(.ARM.Collect$$rtentry$$00000004)
    __rt_entry_li                            0x080001bf   Thumb Code     0  __rtentry2.o(.ARM.Collect$$rtentry$$0000000A)
    __rt_entry_postsh_1                      0x080001bf   Thumb Code     0  __rtentry2.o(.ARM.Collect$$rtentry$$00000009)
    __rt_entry_main                          0x080001c3   Thumb Code     0  __rtentry2.o(.ARM.Collect$$rtentry$$0000000D)
    __rt_entry_postli_1                      0x080001c3   Thumb Code     0  __rtentry2.o(.ARM.Collect$$rtentry$$0000000C)
    __rt_exit                                0x080001cb   Thumb Code     0  rtexit.o(.ARM.Collect$$rtexit$$00000000)
    __rt_exit_ls                             0x080001cd   Thumb Code     0  rtexit2.o(.ARM.Collect$$rtexit$$00000003)
    __rt_exit_prels_1                        0x080001cd   Thumb Code     0  rtexit2.o(.ARM.Collect$$rtexit$$00000002)
    __rt_exit_exit                           0x080001d1   Thumb Code     0  rtexit2.o(.ARM.Collect$$rtexit$$00000004)
    Reset_Handler                            0x080001d9   Thumb Code     8  startup_stm32f10x_md.o(.text)
    ADC1_2_IRQHandler                        0x080001f3   Thumb Code     0  startup_stm32f10x_md.o(.text)
    CAN1_RX1_IRQHandler                      0x080001f3   Thumb Code     0  startup_stm32f10x_md.o(.text)
    CAN1_SCE_IRQHandler                      0x080001f3   Thumb Code     0  startup_stm32f10x_md.o(.text)
    DMA1_Channel1_IRQHandler                 0x080001f3   Thumb Code     0  startup_stm32f10x_md.o(.text)
    DMA1_Channel2_IRQHandler                 0x080001f3   Thumb Code     0  startup_stm32f10x_md.o(.text)
    DMA1_Channel3_IRQHandler                 0x080001f3   Thumb Code     0  startup_stm32f10x_md.o(.text)
    DMA1_Channel4_IRQHandler                 0x080001f3   Thumb Code     0  startup_stm32f10x_md.o(.text)
    DMA1_Channel5_IRQHandler                 0x080001f3   Thumb Code     0  startup_stm32f10x_md.o(.text)
    DMA1_Channel6_IRQHandler                 0x080001f3   Thumb Code     0  startup_stm32f10x_md.o(.text)
    DMA1_Channel7_IRQHandler                 0x080001f3   Thumb Code     0  startup_stm32f10x_md.o(.text)
    FLASH_IRQHandler                         0x080001f3   Thumb Code     0  startup_stm32f10x_md.o(.text)
    I2C1_ER_IRQHandler                       0x080001f3   Thumb Code     0  startup_stm32f10x_md.o(.text)
    I2C1_EV_IRQHandler                       0x080001f3   Thumb Code     0  startup_stm32f10x_md.o(.text)
    I2C2_ER_IRQHandler                       0x080001f3   Thumb Code     0  startup_stm32f10x_md.o(.text)
    I2C2_EV_IRQHandler                       0x080001f3   Thumb Code     0  startup_stm32f10x_md.o(.text)
    PVD_IRQHandler                           0x080001f3   Thumb Code     0  startup_stm32f10x_md.o(.text)
    RCC_IRQHandler                           0x080001f3   Thumb Code     0  startup_stm32f10x_md.o(.text)
    RTCAlarm_IRQHandler                      0x080001f3   Thumb Code     0  startup_stm32f10x_md.o(.text)
    RTC_IRQHandler                           0x080001f3   Thumb Code     0  startup_stm32f10x_md.o(.text)
    SPI1_IRQHandler                          0x080001f3   Thumb Code     0  startup_stm32f10x_md.o(.text)
    SPI2_IRQHandler                          0x080001f3   Thumb Code     0  startup_stm32f10x_md.o(.text)
    TAMPER_IRQHandler                        0x080001f3   Thumb Code     0  startup_stm32f10x_md.o(.text)
    TIM1_BRK_IRQHandler                      0x080001f3   Thumb Code     0  startup_stm32f10x_md.o(.text)
    TIM1_CC_IRQHandler                       0x080001f3   Thumb Code     0  startup_stm32f10x_md.o(.text)
    TIM1_TRG_COM_IRQHandler                  0x080001f3   Thumb Code     0  startup_stm32f10x_md.o(.text)
    TIM1_UP_IRQHandler                       0x080001f3   Thumb Code     0  startup_stm32f10x_md.o(.text)
    TIM2_IRQHandler                          0x080001f3   Thumb Code     0  startup_stm32f10x_md.o(.text)
    TIM3_IRQHandler                          0x080001f3   Thumb Code     0  startup_stm32f10x_md.o(.text)
    TIM4_IRQHandler                          0x080001f3   Thumb Code     0  startup_stm32f10x_md.o(.text)
    USBWakeUp_IRQHandler                     0x080001f3   Thumb Code     0  startup_stm32f10x_md.o(.text)
    USB_HP_CAN1_TX_IRQHandler                0x080001f3   Thumb Code     0  startup_stm32f10x_md.o(.text)
    USB_LP_CAN1_RX0_IRQHandler               0x080001f3   Thumb Code     0  startup_stm32f10x_md.o(.text)
    WWDG_IRQHandler                          0x080001f3   Thumb Code     0  startup_stm32f10x_md.o(.text)
    __user_initial_stackheap                 0x080001f5   Thumb Code     0  startup_stm32f10x_md.o(.text)
    __use_no_semihosting                     0x08000219   Thumb Code     2  use_no_semi_2.o(.text)
    __2printf                                0x0800021d   Thumb Code    20  noretval__2printf.o(.text)
    __printf                                 0x08000235   Thumb Code   104  __printf.o(.text)
    _printf_str                              0x0800029d   Thumb Code    82  _printf_str.o(.text)
    _printf_int_dec                          0x080002f1   Thumb Code   104  _printf_dec.o(.text)
    memcmp                                   0x08000369   Thumb Code    88  memcmp.o(.text)
    __aeabi_memcpy                           0x080003c1   Thumb Code     0  rt_memcpy_v6.o(.text)
    __rt_memcpy                              0x080003c1   Thumb Code   138  rt_memcpy_v6.o(.text)
    _memcpy_lastbytes                        0x08000427   Thumb Code     0  rt_memcpy_v6.o(.text)
    __aeabi_memclr4                          0x0800044b   Thumb Code     0  rt_memclr_w.o(.text)
    __aeabi_memclr8                          0x0800044b   Thumb Code     0  rt_memclr_w.o(.text)
    __rt_memclr_w                            0x0800044b   Thumb Code    78  rt_memclr_w.o(.text)
    _memset_w                                0x0800044f   Thumb Code     0  rt_memclr_w.o(.text)
    __use_two_region_memory                  0x08000499   Thumb Code     2  heapauxi.o(.text)
    __rt_heap_escrow$2region                 0x0800049b   Thumb Code     2  heapauxi.o(.text)
    __rt_heap_expand$2region                 0x0800049d   Thumb Code     2  heapauxi.o(.text)
    __I$use$semihosting                      0x0800049f   Thumb Code     0  use_no_semi.o(.text)
    __use_no_semihosting_swi                 0x0800049f   Thumb Code     2  use_no_semi.o(.text)
    __read_errno                             0x080004a1   Thumb Code    10  _rserrno.o(.text)
    __set_errno                              0x080004ab   Thumb Code    12  _rserrno.o(.text)
    _printf_int_common                       0x080004b7   Thumb Code   178  _printf_intcommon.o(.text)
    _printf_cs_common                        0x08000569   Thumb Code    20  _printf_char.o(.text)
    _printf_char                             0x0800057d   Thumb Code    16  _printf_char.o(.text)
    _printf_string                           0x0800058d   Thumb Code     8  _printf_char.o(.text)
    _printf_char_file                        0x08000595   Thumb Code    32  _printf_char_file.o(.text)
    __aeabi_memcpy4                          0x080005b9   Thumb Code     0  rt_memcpy_w.o(.text)
    __aeabi_memcpy8                          0x080005b9   Thumb Code     0  rt_memcpy_w.o(.text)
    __rt_memcpy_w                            0x080005b9   Thumb Code   100  rt_memcpy_w.o(.text)
    _memcpy_lastbytes_aligned                0x08000601   Thumb Code     0  rt_memcpy_w.o(.text)
    __aeabi_errno_addr                       0x0800061d   Thumb Code     8  rt_errno_addr_intlibspace.o(.text)
    __errno$intlibspace                      0x0800061d   Thumb Code     0  rt_errno_addr_intlibspace.o(.text)
    __rt_errno_addr$intlibspace              0x0800061d   Thumb Code     0  rt_errno_addr_intlibspace.o(.text)
    _printf_char_common                      0x0800062f   Thumb Code    32  _printf_char_common.o(.text)
    ferror                                   0x08000655   Thumb Code     8  ferror.o(.text)
    __user_libspace                          0x0800065d   Thumb Code     8  libspace.o(.text)
    __user_perproc_libspace                  0x0800065d   Thumb Code     0  libspace.o(.text)
    __user_perthread_libspace                0x0800065d   Thumb Code     0  libspace.o(.text)
    __user_setup_stackheap                   0x08000665   Thumb Code    74  sys_stackheap_outer.o(.text)
    exit                                     0x080006af   Thumb Code    18  exit.o(.text)
    BusFault_Handler                         0x080006c1   Thumb Code     4  stm32f10x_it.o(i.BusFault_Handler)
    CommonMcuInit                            0x080006c5   Thumb Code    96  hal_common.o(i.CommonMcuInit)
    ComputeCrc                               0x08000731   Thumb Code    54  crc.o(i.ComputeCrc)
    DebugMon_Handler                         0x08000767   Thumb Code     2  stm32f10x_it.o(i.DebugMon_Handler)
    DelayMs                                  0x08000769   Thumb Code    16  my_delay.o(i.DelayMs)
    EXTI0_IRQHandler                         0x0800077d   Thumb Code    22  hal_gpio_api.o(i.EXTI0_IRQHandler)
    EXTI15_10_IRQHandler                     0x08000799   Thumb Code   184  hal_gpio_api.o(i.EXTI15_10_IRQHandler)
    EXTI1_IRQHandler                         0x08000855   Thumb Code    22  hal_gpio_api.o(i.EXTI1_IRQHandler)
    EXTI2_IRQHandler                         0x08000871   Thumb Code    22  hal_gpio_api.o(i.EXTI2_IRQHandler)
    EXTI3_IRQHandler                         0x0800088d   Thumb Code    22  hal_gpio_api.o(i.EXTI3_IRQHandler)
    EXTI4_IRQHandler                         0x080008a9   Thumb Code    22  hal_gpio_api.o(i.EXTI4_IRQHandler)
    EXTI9_5_IRQHandler                       0x080008c5   Thumb Code   142  hal_gpio_api.o(i.EXTI9_5_IRQHandler)
    EXTI_ClearITPendingBit                   0x08000959   Thumb Code     6  stm32f10x_exti.o(i.EXTI_ClearITPendingBit)
    EXTI_GetITStatus                         0x08000965   Thumb Code    34  stm32f10x_exti.o(i.EXTI_GetITStatus)
    ExampleHALGpioInOut                      0x0800098d   Thumb Code   136  example_hal_gpio_in_out.o(i.ExampleHALGpioInOut)
    ExampleSpiInit                           0x08000a35   Thumb Code    58  example_hal_spi_init.o(i.ExampleSpiInit)
    ExampleUartInit                          0x08000a6f   Thumb Code    30  example_hal_uart_init.o(i.ExampleUartInit)
    GPIO_Init                                0x08000a8d   Thumb Code   278  stm32f10x_gpio.o(i.GPIO_Init)
    GPIO_ReadInputDataBit                    0x08000ba3   Thumb Code    18  stm32f10x_gpio.o(i.GPIO_ReadInputDataBit)
    GPIO_ResetBits                           0x08000bb5   Thumb Code     4  stm32f10x_gpio.o(i.GPIO_ResetBits)
    GPIO_SetBits                             0x08000bb9   Thumb Code     4  stm32f10x_gpio.o(i.GPIO_SetBits)
    GPIO_WriteBit                            0x08000bbd   Thumb Code    10  stm32f10x_gpio.o(i.GPIO_WriteBit)
    HALGpioInit                              0x08000bc9   Thumb Code   254  hal_gpio_api.o(i.HALGpioInit)
    HALSpiInOut                              0x08000cd5   Thumb Code   100  hal_spi_api.o(i.HALSpiInOut)
    HALSpiInit                               0x08000d3d   Thumb Code   424  hal_spi_api.o(i.HALSpiInit)
    HALUartInit                              0x08000efd   Thumb Code   314  hal_uart_api.o(i.HALUartInit)
    HardFault_Handler                        0x08001045   Thumb Code     4  stm32f10x_it.o(i.HardFault_Handler)
    MemManage_Handler                        0x08001049   Thumb Code     4  stm32f10x_it.o(i.MemManage_Handler)
    NMI_Handler                              0x0800104d   Thumb Code     2  stm32f10x_it.o(i.NMI_Handler)
    NVIC_Init                                0x08001051   Thumb Code   100  misc.o(i.NVIC_Init)
    NVIC_PriorityGroupConfig                 0x080010c1   Thumb Code    10  misc.o(i.NVIC_PriorityGroupConfig)
    OnRxDone                                 0x080010d5   Thumb Code   316  main.o(i.OnRxDone)
    OnRxError                                0x0800128d   Thumb Code    14  main.o(i.OnRxError)
    OnRxTimeout                              0x080012b5   Thumb Code   134  main.o(i.OnRxTimeout)
    OnTxDone                                 0x08001369   Thumb Code    30  main.o(i.OnTxDone)
    OnTxTimeout                              0x080013a5   Thumb Code    14  main.o(i.OnTxTimeout)
    PendSV_Handler                           0x080013d1   Thumb Code     2  stm32f10x_it.o(i.PendSV_Handler)
    RCC_APB1PeriphClockCmd                   0x080013d5   Thumb Code    26  stm32f10x_rcc.o(i.RCC_APB1PeriphClockCmd)
    RCC_APB1PeriphResetCmd                   0x080013f5   Thumb Code    26  stm32f10x_rcc.o(i.RCC_APB1PeriphResetCmd)
    RCC_APB2PeriphClockCmd                   0x08001415   Thumb Code    26  stm32f10x_rcc.o(i.RCC_APB2PeriphClockCmd)
    RCC_APB2PeriphResetCmd                   0x08001435   Thumb Code    26  stm32f10x_rcc.o(i.RCC_APB2PeriphResetCmd)
    RCC_GetClocksFreq                        0x08001455   Thumb Code   192  stm32f10x_rcc.o(i.RCC_GetClocksFreq)
    RadioCheckRfFrequency                    0x08001529   Thumb Code     6  radio.o(i.RadioCheckRfFrequency)
    RadioComputeCRC                          0x0800152f   Thumb Code    90  crc.o(i.RadioComputeCRC)
    RadioGetStatus                           0x080015c5   Thumb Code    36  radio.o(i.RadioGetStatus)
    RadioGetWakeupTime                       0x080015e9   Thumb Code     4  radio.o(i.RadioGetWakeupTime)
    RadioInit                                0x080015ed   Thumb Code    64  radio.o(i.RadioInit)
    RadioIrqProcess                          0x08001639   Thumb Code   300  radio.o(i.RadioIrqProcess)
    RadioIsChannelFree                       0x08001779   Thumb Code    48  radio.o(i.RadioIsChannelFree)
    RadioOnDioIrq                            0x080017a9   Thumb Code     8  radio.o(i.RadioOnDioIrq)
    RadioRandom                              0x080017b5   Thumb Code    54  radio.o(i.RadioRandom)
    RadioRead                                0x080017eb   Thumb Code    12  radio.o(i.RadioRead)
    RadioReadBuffer                          0x080017f7   Thumb Code    20  radio.o(i.RadioReadBuffer)
    RadioRssi                                0x0800180b   Thumb Code    10  radio.o(i.RadioRssi)
    RadioRx                                  0x08001815   Thumb Code    44  radio.o(i.RadioRx)
    RadioRxBoosted                           0x08001845   Thumb Code    44  radio.o(i.RadioRxBoosted)
    RadioSend                                0x08001875   Thumb Code    56  radio.o(i.RadioSend)
    RadioSetChannel                          0x080018b1   Thumb Code    12  radio.o(i.RadioSetChannel)
    RadioSetMaxPayloadLength                 0x080018bd   Thumb Code    46  radio.o(i.RadioSetMaxPayloadLength)
    RadioSetModem                            0x080018f5   Thumb Code    64  radio.o(i.RadioSetModem)
    RadioSetPublicNetwork                    0x08001939   Thumb Code    64  radio.o(i.RadioSetPublicNetwork)
    RadioSetRxConfig                         0x0800197d   Thumb Code   508  radio.o(i.RadioSetRxConfig)
    RadioSetRxDutyCycle                      0x08001ba1   Thumb Code    16  radio.o(i.RadioSetRxDutyCycle)
    RadioSetTxConfig                         0x08001bb1   Thumb Code   380  radio.o(i.RadioSetTxConfig)
    RadioSetTxContinuousWave                 0x08001d45   Thumb Code    26  radio.o(i.RadioSetTxContinuousWave)
    RadioSleep                               0x08001d5f   Thumb Code    32  radio.o(i.RadioSleep)
    RadioStandby                             0x08001d7f   Thumb Code    10  radio.o(i.RadioStandby)
    RadioStartCad                            0x08001d89   Thumb Code     8  radio.o(i.RadioStartCad)
    RadioTimeOnAir                           0x08001d91   Thumb Code   514  radio.o(i.RadioTimeOnAir)
    RadioWrite                               0x08001fb5   Thumb Code    16  radio.o(i.RadioWrite)
    RadioWriteBuffer                         0x08001fc5   Thumb Code    20  radio.o(i.RadioWriteBuffer)
    SPI_Cmd                                  0x08001fd9   Thumb Code    24  stm32f10x_spi.o(i.SPI_Cmd)
    SPI_I2S_GetFlagStatus                    0x08001ff1   Thumb Code    18  stm32f10x_spi.o(i.SPI_I2S_GetFlagStatus)
    SPI_I2S_ReceiveData                      0x08002003   Thumb Code     6  stm32f10x_spi.o(i.SPI_I2S_ReceiveData)
    SPI_I2S_SendData                         0x08002009   Thumb Code     4  stm32f10x_spi.o(i.SPI_I2S_SendData)
    SPI_Init                                 0x0800200d   Thumb Code    60  stm32f10x_spi.o(i.SPI_Init)
    SVC_Handler                              0x08002049   Thumb Code     2  stm32f10x_it.o(i.SVC_Handler)
    SX126xAntSwOff                           0x0800204b   Thumb Code     2  sx126x-board.o(i.SX126xAntSwOff)
    SX126xAntSwOn                            0x0800204d   Thumb Code     2  sx126x-board.o(i.SX126xAntSwOn)
    SX126xCalibrateImage                     0x08002051   Thumb Code   114  sx126x.o(i.SX126xCalibrateImage)
    SX126xCheckDeviceReady                   0x080020d9   Thumb Code    30  sx126x.o(i.SX126xCheckDeviceReady)
    SX126xClearIrqStatus                     0x080020f7   Thumb Code    28  sx126x.o(i.SX126xClearIrqStatus)
    SX126xGetIrqStatus                       0x08002113   Thumb Code    26  sx126x.o(i.SX126xGetIrqStatus)
    SX126xGetOperatingMode                   0x0800212d   Thumb Code     6  sx126x.o(i.SX126xGetOperatingMode)
    SX126xGetPaSelect                        0x08002139   Thumb Code     6  sx126x-board.o(i.SX126xGetPaSelect)
    SX126xGetPacketStatus                    0x08002141   Thumb Code   152  sx126x.o(i.SX126xGetPacketStatus)
    SX126xGetPacketType                      0x080021dd   Thumb Code     6  sx126x.o(i.SX126xGetPacketType)
    SX126xGetPayload                         0x080021e9   Thumb Code    46  sx126x.o(i.SX126xGetPayload)
    SX126xGetRssiInst                        0x08002217   Thumb Code    28  sx126x.o(i.SX126xGetRssiInst)
    SX126xGetRxBufferStatus                  0x08002233   Thumb Code    66  sx126x.o(i.SX126xGetRxBufferStatus)
    SX126xInit                               0x08002275   Thumb Code    32  sx126x.o(i.SX126xInit)
    SX126xReadBuffer                         0x08002299   Thumb Code    90  sx126x-board.o(i.SX126xReadBuffer)
    SX126xReadCommand                        0x080022f9   Thumb Code    82  sx126x-board.o(i.SX126xReadCommand)
    SX126xReadRegister                       0x08002351   Thumb Code    20  sx126x-board.o(i.SX126xReadRegister)
    SX126xReadRegisters                      0x08002365   Thumb Code    98  sx126x-board.o(i.SX126xReadRegisters)
    SX126xReset                              0x080023cd   Thumb Code    42  sx126x-board.o(i.SX126xReset)
    SX126xSendPayload                        0x080023fd   Thumb Code    24  sx126x.o(i.SX126xSendPayload)
    SX126xSetBufferBaseAddress               0x08002415   Thumb Code    26  sx126x.o(i.SX126xSetBufferBaseAddress)
    SX126xSetCad                             0x08002431   Thumb Code    20  sx126x.o(i.SX126xSetCad)
    SX126xSetCrcPolynomial                   0x08002449   Thumb Code    42  sx126x.o(i.SX126xSetCrcPolynomial)
    SX126xSetCrcSeed                         0x08002473   Thumb Code    42  sx126x.o(i.SX126xSetCrcSeed)
    SX126xSetDio2AsRfSwitchCtrl              0x0800249d   Thumb Code    14  sx126x.o(i.SX126xSetDio2AsRfSwitchCtrl)
    SX126xSetDioIrqParams                    0x080024ab   Thumb Code    74  sx126x.o(i.SX126xSetDioIrqParams)
    SX126xSetLoRaSymbNumTimeout              0x080024f5   Thumb Code    14  sx126x.o(i.SX126xSetLoRaSymbNumTimeout)
    SX126xSetModulationParams                0x08002505   Thumb Code   276  sx126x.o(i.SX126xSetModulationParams)
    SX126xSetPaConfig                        0x08002629   Thumb Code    38  sx126x.o(i.SX126xSetPaConfig)
    SX126xSetPacketParams                    0x08002651   Thumb Code   218  sx126x.o(i.SX126xSetPacketParams)
    SX126xSetPacketType                      0x08002731   Thumb Code    22  sx126x.o(i.SX126xSetPacketType)
    SX126xSetPayload                         0x0800274d   Thumb Code    18  sx126x.o(i.SX126xSetPayload)
    SX126xSetRegulatorMode                   0x0800275f   Thumb Code    14  sx126x.o(i.SX126xSetRegulatorMode)
    SX126xSetRfFrequency                     0x0800276d   Thumb Code   130  sx126x.o(i.SX126xSetRfFrequency)
    SX126xSetRfTxPower                       0x080027fd   Thumb Code    14  sx126x-board.o(i.SX126xSetRfTxPower)
    SX126xSetRx                              0x0800280d   Thumb Code    40  sx126x.o(i.SX126xSetRx)
    SX126xSetRxBoosted                       0x08002839   Thumb Code    50  sx126x.o(i.SX126xSetRxBoosted)
    SX126xSetRxDutyCycle                     0x08002871   Thumb Code    60  sx126x.o(i.SX126xSetRxDutyCycle)
    SX126xSetSleep                           0x080028b1   Thumb Code    24  sx126x.o(i.SX126xSetSleep)
    SX126xSetStandby                         0x080028cd   Thumb Code    34  sx126x.o(i.SX126xSetStandby)
    SX126xSetStopRxTimerOnPreambleDetect     0x080028f5   Thumb Code    14  sx126x.o(i.SX126xSetStopRxTimerOnPreambleDetect)
    SX126xSetSyncWord                        0x08002903   Thumb Code    20  sx126x.o(i.SX126xSetSyncWord)
    SX126xSetTx                              0x08002919   Thumb Code    40  sx126x.o(i.SX126xSetTx)
    SX126xSetTxContinuousWave                0x08002945   Thumb Code    14  sx126x.o(i.SX126xSetTxContinuousWave)
    SX126xSetTxParams                        0x08002953   Thumb Code   138  sx126x.o(i.SX126xSetTxParams)
    SX126xSetWhiteningSeed                   0x080029dd   Thumb Code    58  sx126x.o(i.SX126xSetWhiteningSeed)
    SX126xWaitOnBusy                         0x08002a19   Thumb Code    18  sx126x-board.o(i.SX126xWaitOnBusy)
    SX126xWakeup                             0x08002a31   Thumb Code    44  sx126x-board.o(i.SX126xWakeup)
    SX126xWriteBuffer                        0x08002a61   Thumb Code    80  sx126x-board.o(i.SX126xWriteBuffer)
    SX126xWriteCommand                       0x08002ab5   Thumb Code    76  sx126x-board.o(i.SX126xWriteCommand)
    SX126xWriteRegister                      0x08002b05   Thumb Code    16  sx126x-board.o(i.SX126xWriteRegister)
    SX126xWriteRegisters                     0x08002b15   Thumb Code    88  sx126x-board.o(i.SX126xWriteRegisters)
    SysTick_Handler                          0x08002c59   Thumb Code    28  stm32f10x_it.o(i.SysTick_Handler)
    SystemInit                               0x08002c7d   Thumb Code    78  system_stm32f10x.o(i.SystemInit)
    USART1_IRQHandler                        0x08002cdd   Thumb Code    42  hal_uart_api.o(i.USART1_IRQHandler)
    USART2_IRQHandler                        0x08002d11   Thumb Code    42  hal_uart_api.o(i.USART2_IRQHandler)
    USART3_IRQHandler                        0x08002d45   Thumb Code    42  hal_uart_api.o(i.USART3_IRQHandler)
    USART_Cmd                                0x08002d79   Thumb Code    24  stm32f10x_usart.o(i.USART_Cmd)
    USART_DeInit                             0x08002d91   Thumb Code   134  stm32f10x_usart.o(i.USART_DeInit)
    USART_GetFlagStatus                      0x08002e2d   Thumb Code    26  stm32f10x_usart.o(i.USART_GetFlagStatus)
    USART_ITConfig                           0x08002e47   Thumb Code    74  stm32f10x_usart.o(i.USART_ITConfig)
    USART_Init                               0x08002e91   Thumb Code   210  stm32f10x_usart.o(i.USART_Init)
    USART_ReceiveData                        0x08002f69   Thumb Code    10  stm32f10x_usart.o(i.USART_ReceiveData)
    USART_SendData                           0x08002f73   Thumb Code     8  stm32f10x_usart.o(i.USART_SendData)
    UsageFault_Handler                       0x08002f7b   Thumb Code     4  stm32f10x_it.o(i.UsageFault_Handler)
    __ARM_fpclassify                         0x08002f7f   Thumb Code    40  fpclassify.o(i.__ARM_fpclassify)
    __kernel_poly                            0x08002fa7   Thumb Code   170  poly.o(i.__kernel_poly)
    __mathlib_dbl_divzero                    0x08003051   Thumb Code    12  dunder.o(i.__mathlib_dbl_divzero)
    __mathlib_dbl_infnan2                    0x08003061   Thumb Code     4  dunder.o(i.__mathlib_dbl_infnan2)
    __mathlib_dbl_invalid                    0x08003065   Thumb Code    12  dunder.o(i.__mathlib_dbl_invalid)
    __mathlib_dbl_overflow                   0x08003071   Thumb Code    14  dunder.o(i.__mathlib_dbl_overflow)
    __mathlib_dbl_underflow                  0x08003081   Thumb Code    10  dunder.o(i.__mathlib_dbl_underflow)
    _sys_exit                                0x08003091   Thumb Code     6  hal_uart_api.o(i._sys_exit)
    ceil                                     0x08003099   Thumb Code   204  ceil.o(i.ceil)
    floor                                    0x08003175   Thumb Code   204  floor.o(i.floor)
    fputc                                    0x08003251   Thumb Code    32  hal_uart_api.o(i.fputc)
    main                                     0x08003275   Thumb Code   260  main.o(i.main)
    pow                                      0x080033f9   Thumb Code  2512  pow.o(i.pow)
    rint                                     0x08003dd1   Thumb Code     4  rint.o(i.rint)
    sqrt                                     0x08003dd5   Thumb Code    76  sqrt.o(i.sqrt)
    __aeabi_dadd                             0x08003e21   Thumb Code     0  daddsub_clz.o(x$fpl$dadd)
    _dadd                                    0x08003e21   Thumb Code   332  daddsub_clz.o(x$fpl$dadd)
    __fpl_dcheck_NaN1                        0x08003f71   Thumb Code    10  dcheck1.o(x$fpl$dcheck1)
    __fpl_dcmp_Inf                           0x08003f81   Thumb Code    24  dcmpi.o(x$fpl$dcmpinf)
    __aeabi_ddiv                             0x08003f99   Thumb Code     0  ddiv.o(x$fpl$ddiv)
    _ddiv                                    0x08003f99   Thumb Code   552  ddiv.o(x$fpl$ddiv)
    __aeabi_d2uiz                            0x08004249   Thumb Code     0  dfixu.o(x$fpl$dfixu)
    _dfixu                                   0x08004249   Thumb Code    90  dfixu.o(x$fpl$dfixu)
    __aeabi_i2d                              0x080042a3   Thumb Code     0  dflt_clz.o(x$fpl$dflt)
    _dflt                                    0x080042a3   Thumb Code    46  dflt_clz.o(x$fpl$dflt)
    __aeabi_ui2d                             0x080042d1   Thumb Code     0  dflt_clz.o(x$fpl$dfltu)
    _dfltu                                   0x080042d1   Thumb Code    38  dflt_clz.o(x$fpl$dfltu)
    __aeabi_cdcmple                          0x080042f9   Thumb Code     0  dleqf.o(x$fpl$dleqf)
    _dcmple                                  0x080042f9   Thumb Code   120  dleqf.o(x$fpl$dleqf)
    __fpl_dcmple_InfNaN                      0x0800435b   Thumb Code     0  dleqf.o(x$fpl$dleqf)
    __aeabi_dmul                             0x08004371   Thumb Code     0  dmul.o(x$fpl$dmul)
    _dmul                                    0x08004371   Thumb Code   332  dmul.o(x$fpl$dmul)
    __fpl_dnaninf                            0x080044c5   Thumb Code   156  dnaninf.o(x$fpl$dnaninf)
    __fpl_dretinf                            0x08004561   Thumb Code    12  dretinf.o(x$fpl$dretinf)
    __aeabi_cdrcmple                         0x0800456d   Thumb Code     0  drleqf.o(x$fpl$drleqf)
    _drcmple                                 0x0800456d   Thumb Code   108  drleqf.o(x$fpl$drleqf)
    _drnd                                    0x080045d9   Thumb Code   180  drnd.o(x$fpl$drnd)
    __aeabi_drsub                            0x0800468d   Thumb Code     0  daddsub_clz.o(x$fpl$drsb)
    _drsb                                    0x0800468d   Thumb Code    22  daddsub_clz.o(x$fpl$drsb)
    _dsqrt                                   0x080046a5   Thumb Code   456  dsqrt_noumaal.o(x$fpl$dsqrt)
    __aeabi_dsub                             0x08004871   Thumb Code     0  daddsub_clz.o(x$fpl$dsub)
    _dsub                                    0x08004871   Thumb Code   464  daddsub_clz.o(x$fpl$dsub)
    __fpl_return_NaN                         0x08004a45   Thumb Code   100  retnan.o(x$fpl$retnan)
    __ARM_scalbn                             0x08004aa9   Thumb Code    92  scalbn.o(x$fpl$scalbn)
    __fpl_cmpreturn                          0x08004b05   Thumb Code    48  trapv.o(x$fpl$trapveneer)
    PingMsg                                  0x08004b34   Data          14  main.o(.constdata)
    __I$use$fp                               0x08004b34   Number         0  usenofp.o(x$fpl$usenofp)
    PongMsg                                  0x08004b42   Data          15  main.o(.constdata)
    Radio                                    0x08004c58   Data         108  radio.o(.constdata)
    FskBandwidths                            0x08004cc4   Data         176  radio.o(.constdata)
    Bandwidths                               0x08004d74   Data           3  radio.o(.constdata)
    __mathlib_zero                           0x08004e00   Data           8  qnan.o(.constdata)
    Region$$Table$$Base                      0x08004e08   Number         0  anon$$obj.o(Region$$Table)
    Region$$Table$$Limit                     0x08004e28   Number         0  anon$$obj.o(Region$$Table)
    EnableMaster                             0x20000000   Data           1  main.o(.data)
    crc_value                                0x20000002   Data           2  main.o(.data)
    BufferSize                               0x20000004   Data           2  main.o(.data)
    RssiValue                                0x20000006   Data           1  main.o(.data)
    SnrValue                                 0x20000007   Data           1  main.o(.data)
    SystemCoreClock                          0x2000000c   Data           4  system_stm32f10x.o(.data)
    AHBPrescTable                            0x20000010   Data          16  system_stm32f10x.o(.data)
    __stdout                                 0x20000068   Data           4  hal_uart_api.o(.data)
    g_u32DelayCount                          0x20000094   Data           4  my_delay.o(.data)
    MaxPayloadLength                         0x20000128   Data           1  radio.o(.data)
    TxTimeout                                0x2000012c   Data           4  radio.o(.data)
    RxTimeout                                0x20000130   Data           4  radio.o(.data)
    RxContinuous                             0x20000134   Data           1  radio.o(.data)
    IrqFired                                 0x20000135   Data           1  radio.o(.data)
    FrequencyError                           0x20000140   Data           4  sx126x.o(.data)
    TX_Buffer                                0x20000164   Data          64  main.o(.bss)
    RX_Buffer                                0x200001a4   Data          64  main.o(.bss)
    RadioPktStatus                           0x2000023c   Data          20  radio.o(.bss)
    RadioRxPayload                           0x20000250   Data         255  radio.o(.bss)
    SX126x                                   0x20000350   Data          60  radio.o(.bss)
    __libspace_start                         0x2000038c   Data          96  libspace.o(.bss)
    __temporary_stack_top$libspace           0x200003ec   Data           0  libspace.o(.bss)



==============================================================================

Memory Map of the image

  Image Entry point : 0x080000ed

  Load Region LR_IROM1 (Base: 0x08000000, Size: 0x00004f70, Max: 0x00010000, ABSOLUTE, COMPRESSED[0x00004e9c])

    Execution Region ER_IROM1 (Base: 0x08000000, Size: 0x00004e28, Max: 0x00010000, ABSOLUTE)

    Base Addr    Size         Type   Attr      Idx    E Section Name        Object

    0x08000000   0x000000ec   Data   RO           19    RESET               startup_stm32f10x_md.o
    0x080000ec   0x00000008   Code   RO         4278  * !!!main             c_w.l(__main.o)
    0x080000f4   0x00000034   Code   RO         4551    !!!scatter          c_w.l(__scatter.o)
    0x08000128   0x0000005a   Code   RO         4549    !!dczerorl2         c_w.l(__dczerorl2.o)
    0x08000182   0x00000002   PAD
    0x08000184   0x0000001c   Code   RO         4553    !!handler_zi        c_w.l(__scatter_zi.o)
    0x080001a0   0x00000000   Code   RO         4269    .ARM.Collect$$_printf_percent$$00000000  c_w.l(_printf_percent.o)
    0x080001a0   0x00000006   Code   RO         4268    .ARM.Collect$$_printf_percent$$00000009  c_w.l(_printf_d.o)
    0x080001a6   0x00000006   Code   RO         4267    .ARM.Collect$$_printf_percent$$00000014  c_w.l(_printf_s.o)
    0x080001ac   0x00000004   Code   RO         4335    .ARM.Collect$$_printf_percent$$00000017  c_w.l(_printf_percent_end.o)
    0x080001b0   0x00000002   Code   RO         4422    .ARM.Collect$$libinit$$00000000  c_w.l(libinit.o)
    0x080001b2   0x00000000   Code   RO         4428    .ARM.Collect$$libinit$$00000002  c_w.l(libinit2.o)
    0x080001b2   0x00000000   Code   RO         4430    .ARM.Collect$$libinit$$00000004  c_w.l(libinit2.o)
    0x080001b2   0x00000000   Code   RO         4433    .ARM.Collect$$libinit$$0000000A  c_w.l(libinit2.o)
    0x080001b2   0x00000000   Code   RO         4435    .ARM.Collect$$libinit$$0000000C  c_w.l(libinit2.o)
    0x080001b2   0x00000000   Code   RO         4437    .ARM.Collect$$libinit$$0000000E  c_w.l(libinit2.o)
    0x080001b2   0x00000000   Code   RO         4440    .ARM.Collect$$libinit$$00000011  c_w.l(libinit2.o)
    0x080001b2   0x00000000   Code   RO         4442    .ARM.Collect$$libinit$$00000013  c_w.l(libinit2.o)
    0x080001b2   0x00000000   Code   RO         4444    .ARM.Collect$$libinit$$00000015  c_w.l(libinit2.o)
    0x080001b2   0x00000000   Code   RO         4446    .ARM.Collect$$libinit$$00000017  c_w.l(libinit2.o)
    0x080001b2   0x00000000   Code   RO         4448    .ARM.Collect$$libinit$$00000019  c_w.l(libinit2.o)
    0x080001b2   0x00000000   Code   RO         4450    .ARM.Collect$$libinit$$0000001B  c_w.l(libinit2.o)
    0x080001b2   0x00000000   Code   RO         4452    .ARM.Collect$$libinit$$0000001D  c_w.l(libinit2.o)
    0x080001b2   0x00000000   Code   RO         4454    .ARM.Collect$$libinit$$0000001F  c_w.l(libinit2.o)
    0x080001b2   0x00000000   Code   RO         4456    .ARM.Collect$$libinit$$00000021  c_w.l(libinit2.o)
    0x080001b2   0x00000000   Code   RO         4458    .ARM.Collect$$libinit$$00000023  c_w.l(libinit2.o)
    0x080001b2   0x00000000   Code   RO         4460    .ARM.Collect$$libinit$$00000025  c_w.l(libinit2.o)
    0x080001b2   0x00000000   Code   RO         4464    .ARM.Collect$$libinit$$0000002C  c_w.l(libinit2.o)
    0x080001b2   0x00000000   Code   RO         4466    .ARM.Collect$$libinit$$0000002E  c_w.l(libinit2.o)
    0x080001b2   0x00000000   Code   RO         4468    .ARM.Collect$$libinit$$00000030  c_w.l(libinit2.o)
    0x080001b2   0x00000000   Code   RO         4470    .ARM.Collect$$libinit$$00000032  c_w.l(libinit2.o)
    0x080001b2   0x00000002   Code   RO         4471    .ARM.Collect$$libinit$$00000033  c_w.l(libinit2.o)
    0x080001b4   0x00000002   Code   RO         4491    .ARM.Collect$$libshutdown$$00000000  c_w.l(libshutdown.o)
    0x080001b6   0x00000000   Code   RO         4501    .ARM.Collect$$libshutdown$$00000002  c_w.l(libshutdown2.o)
    0x080001b6   0x00000000   Code   RO         4503    .ARM.Collect$$libshutdown$$00000004  c_w.l(libshutdown2.o)
    0x080001b6   0x00000000   Code   RO         4506    .ARM.Collect$$libshutdown$$00000007  c_w.l(libshutdown2.o)
    0x080001b6   0x00000000   Code   RO         4509    .ARM.Collect$$libshutdown$$0000000A  c_w.l(libshutdown2.o)
    0x080001b6   0x00000000   Code   RO         4511    .ARM.Collect$$libshutdown$$0000000C  c_w.l(libshutdown2.o)
    0x080001b6   0x00000000   Code   RO         4514    .ARM.Collect$$libshutdown$$0000000F  c_w.l(libshutdown2.o)
    0x080001b6   0x00000002   Code   RO         4515    .ARM.Collect$$libshutdown$$00000010  c_w.l(libshutdown2.o)
    0x080001b8   0x00000000   Code   RO         4326    .ARM.Collect$$rtentry$$00000000  c_w.l(__rtentry.o)
    0x080001b8   0x00000000   Code   RO         4377    .ARM.Collect$$rtentry$$00000002  c_w.l(__rtentry2.o)
    0x080001b8   0x00000006   Code   RO         4389    .ARM.Collect$$rtentry$$00000004  c_w.l(__rtentry4.o)
    0x080001be   0x00000000   Code   RO         4379    .ARM.Collect$$rtentry$$00000009  c_w.l(__rtentry2.o)
    0x080001be   0x00000004   Code   RO         4380    .ARM.Collect$$rtentry$$0000000A  c_w.l(__rtentry2.o)
    0x080001c2   0x00000000   Code   RO         4382    .ARM.Collect$$rtentry$$0000000C  c_w.l(__rtentry2.o)
    0x080001c2   0x00000008   Code   RO         4383    .ARM.Collect$$rtentry$$0000000D  c_w.l(__rtentry2.o)
    0x080001ca   0x00000002   Code   RO         4425    .ARM.Collect$$rtexit$$00000000  c_w.l(rtexit.o)
    0x080001cc   0x00000000   Code   RO         4475    .ARM.Collect$$rtexit$$00000002  c_w.l(rtexit2.o)
    0x080001cc   0x00000004   Code   RO         4476    .ARM.Collect$$rtexit$$00000003  c_w.l(rtexit2.o)
    0x080001d0   0x00000006   Code   RO         4477    .ARM.Collect$$rtexit$$00000004  c_w.l(rtexit2.o)
    0x080001d6   0x00000002   PAD
    0x080001d8   0x00000040   Code   RO           20    .text               startup_stm32f10x_md.o
    0x08000218   0x00000002   Code   RO         4235    .text               c_w.l(use_no_semi_2.o)
    0x0800021a   0x00000002   PAD
    0x0800021c   0x00000018   Code   RO         4239    .text               c_w.l(noretval__2printf.o)
    0x08000234   0x00000068   Code   RO         4241    .text               c_w.l(__printf.o)
    0x0800029c   0x00000052   Code   RO         4243    .text               c_w.l(_printf_str.o)
    0x080002ee   0x00000002   PAD
    0x080002f0   0x00000078   Code   RO         4245    .text               c_w.l(_printf_dec.o)
    0x08000368   0x00000058   Code   RO         4270    .text               c_w.l(memcmp.o)
    0x080003c0   0x0000008a   Code   RO         4272    .text               c_w.l(rt_memcpy_v6.o)
    0x0800044a   0x0000004e   Code   RO         4274    .text               c_w.l(rt_memclr_w.o)
    0x08000498   0x00000006   Code   RO         4276    .text               c_w.l(heapauxi.o)
    0x0800049e   0x00000002   Code   RO         4324    .text               c_w.l(use_no_semi.o)
    0x080004a0   0x00000016   Code   RO         4327    .text               c_w.l(_rserrno.o)
    0x080004b6   0x000000b2   Code   RO         4329    .text               c_w.l(_printf_intcommon.o)
    0x08000568   0x0000002c   Code   RO         4331    .text               c_w.l(_printf_char.o)
    0x08000594   0x00000024   Code   RO         4333    .text               c_w.l(_printf_char_file.o)
    0x080005b8   0x00000064   Code   RO         4336    .text               c_w.l(rt_memcpy_w.o)
    0x0800061c   0x00000008   Code   RO         4394    .text               c_w.l(rt_errno_addr_intlibspace.o)
    0x08000624   0x00000030   Code   RO         4396    .text               c_w.l(_printf_char_common.o)
    0x08000654   0x00000008   Code   RO         4398    .text               c_w.l(ferror.o)
    0x0800065c   0x00000008   Code   RO         4408    .text               c_w.l(libspace.o)
    0x08000664   0x0000004a   Code   RO         4411    .text               c_w.l(sys_stackheap_outer.o)
    0x080006ae   0x00000012   Code   RO         4415    .text               c_w.l(exit.o)
    0x080006c0   0x00000004   Code   RO          203    i.BusFault_Handler  stm32f10x_it.o
    0x080006c4   0x0000006c   Code   RO         3314    i.CommonMcuInit     hal_common.o
    0x08000730   0x00000036   Code   RO         3591    i.ComputeCrc        crc.o
    0x08000766   0x00000002   Code   RO          204    i.DebugMon_Handler  stm32f10x_it.o
    0x08000768   0x00000014   Code   RO         3499    i.DelayMs           my_delay.o
    0x0800077c   0x0000001c   Code   RO         3330    i.EXTI0_IRQHandler  hal_gpio_api.o
    0x08000798   0x000000bc   Code   RO         3331    i.EXTI15_10_IRQHandler  hal_gpio_api.o
    0x08000854   0x0000001c   Code   RO         3332    i.EXTI1_IRQHandler  hal_gpio_api.o
    0x08000870   0x0000001c   Code   RO         3333    i.EXTI2_IRQHandler  hal_gpio_api.o
    0x0800088c   0x0000001c   Code   RO         3334    i.EXTI3_IRQHandler  hal_gpio_api.o
    0x080008a8   0x0000001c   Code   RO         3335    i.EXTI4_IRQHandler  hal_gpio_api.o
    0x080008c4   0x00000094   Code   RO         3336    i.EXTI9_5_IRQHandler  hal_gpio_api.o
    0x08000958   0x0000000c   Code   RO         1136    i.EXTI_ClearITPendingBit  stm32f10x_exti.o
    0x08000964   0x00000028   Code   RO         1140    i.EXTI_GetITStatus  stm32f10x_exti.o
    0x0800098c   0x000000a8   Code   RO         3517    i.ExampleHALGpioInOut  example_hal_gpio_in_out.o
    0x08000a34   0x0000003a   Code   RO         3548    i.ExampleSpiInit    example_hal_spi_init.o
    0x08000a6e   0x0000001e   Code   RO         3530    i.ExampleUartInit   example_hal_uart_init.o
    0x08000a8c   0x00000116   Code   RO         1489    i.GPIO_Init         stm32f10x_gpio.o
    0x08000ba2   0x00000012   Code   RO         1493    i.GPIO_ReadInputDataBit  stm32f10x_gpio.o
    0x08000bb4   0x00000004   Code   RO         1496    i.GPIO_ResetBits    stm32f10x_gpio.o
    0x08000bb8   0x00000004   Code   RO         1497    i.GPIO_SetBits      stm32f10x_gpio.o
    0x08000bbc   0x0000000a   Code   RO         1500    i.GPIO_WriteBit     stm32f10x_gpio.o
    0x08000bc6   0x00000002   PAD
    0x08000bc8   0x0000010c   Code   RO         3337    i.HALGpioInit       hal_gpio_api.o
    0x08000cd4   0x00000068   Code   RO         3475    i.HALSpiInOut       hal_spi_api.o
    0x08000d3c   0x000001c0   Code   RO         3476    i.HALSpiInit        hal_spi_api.o
    0x08000efc   0x00000148   Code   RO         3411    i.HALUartInit       hal_uart_api.o
    0x08001044   0x00000004   Code   RO          206    i.HardFault_Handler  stm32f10x_it.o
    0x08001048   0x00000004   Code   RO          207    i.MemManage_Handler  stm32f10x_it.o
    0x0800104c   0x00000002   Code   RO          208    i.NMI_Handler       stm32f10x_it.o
    0x0800104e   0x00000002   PAD
    0x08001050   0x00000070   Code   RO          312    i.NVIC_Init         misc.o
    0x080010c0   0x00000014   Code   RO          313    i.NVIC_PriorityGroupConfig  misc.o
    0x080010d4   0x000001b8   Code   RO           24    i.OnRxDone          main.o
    0x0800128c   0x00000028   Code   RO           25    i.OnRxError         main.o
    0x080012b4   0x000000b4   Code   RO           26    i.OnRxTimeout       main.o
    0x08001368   0x0000003c   Code   RO           27    i.OnTxDone          main.o
    0x080013a4   0x0000002c   Code   RO           28    i.OnTxTimeout       main.o
    0x080013d0   0x00000002   Code   RO          209    i.PendSV_Handler    stm32f10x_it.o
    0x080013d2   0x00000002   PAD
    0x080013d4   0x00000020   Code   RO         1905    i.RCC_APB1PeriphClockCmd  stm32f10x_rcc.o
    0x080013f4   0x00000020   Code   RO         1906    i.RCC_APB1PeriphResetCmd  stm32f10x_rcc.o
    0x08001414   0x00000020   Code   RO         1907    i.RCC_APB2PeriphClockCmd  stm32f10x_rcc.o
    0x08001434   0x00000020   Code   RO         1908    i.RCC_APB2PeriphResetCmd  stm32f10x_rcc.o
    0x08001454   0x000000d4   Code   RO         1915    i.RCC_GetClocksFreq  stm32f10x_rcc.o
    0x08001528   0x00000006   Code   RO         3609    i.RadioCheckRfFrequency  radio.o
    0x0800152e   0x0000005a   Code   RO         3592    i.RadioComputeCRC   crc.o
    0x08001588   0x0000003c   Code   RO         3610    i.RadioGetFskBandwidthRegValue  radio.o
    0x080015c4   0x00000024   Code   RO         3611    i.RadioGetStatus    radio.o
    0x080015e8   0x00000004   Code   RO         3612    i.RadioGetWakeupTime  radio.o
    0x080015ec   0x0000004c   Code   RO         3613    i.RadioInit         radio.o
    0x08001638   0x00000140   Code   RO         3614    i.RadioIrqProcess   radio.o
    0x08001778   0x00000030   Code   RO         3615    i.RadioIsChannelFree  radio.o
    0x080017a8   0x0000000c   Code   RO         3616    i.RadioOnDioIrq     radio.o
    0x080017b4   0x00000036   Code   RO         3619    i.RadioRandom       radio.o
    0x080017ea   0x0000000c   Code   RO         3620    i.RadioRead         radio.o
    0x080017f6   0x00000014   Code   RO         3621    i.RadioReadBuffer   radio.o
    0x0800180a   0x0000000a   Code   RO         3623    i.RadioRssi         radio.o
    0x08001814   0x00000030   Code   RO         3624    i.RadioRx           radio.o
    0x08001844   0x00000030   Code   RO         3625    i.RadioRxBoosted    radio.o
    0x08001874   0x0000003c   Code   RO         3626    i.RadioSend         radio.o
    0x080018b0   0x0000000c   Code   RO         3627    i.RadioSetChannel   radio.o
    0x080018bc   0x00000038   Code   RO         3628    i.RadioSetMaxPayloadLength  radio.o
    0x080018f4   0x00000044   Code   RO         3629    i.RadioSetModem     radio.o
    0x08001938   0x00000044   Code   RO         3630    i.RadioSetPublicNetwork  radio.o
    0x0800197c   0x00000224   Code   RO         3631    i.RadioSetRxConfig  radio.o
    0x08001ba0   0x00000010   Code   RO         3632    i.RadioSetRxDutyCycle  radio.o
    0x08001bb0   0x00000194   Code   RO         3633    i.RadioSetTxConfig  radio.o
    0x08001d44   0x0000001a   Code   RO         3634    i.RadioSetTxContinuousWave  radio.o
    0x08001d5e   0x00000020   Code   RO         3635    i.RadioSleep        radio.o
    0x08001d7e   0x0000000a   Code   RO         3636    i.RadioStandby      radio.o
    0x08001d88   0x00000008   Code   RO         3637    i.RadioStartCad     radio.o
    0x08001d90   0x00000224   Code   RO         3638    i.RadioTimeOnAir    radio.o
    0x08001fb4   0x00000010   Code   RO         3640    i.RadioWrite        radio.o
    0x08001fc4   0x00000014   Code   RO         3641    i.RadioWriteBuffer  radio.o
    0x08001fd8   0x00000018   Code   RO         2384    i.SPI_Cmd           stm32f10x_spi.o
    0x08001ff0   0x00000012   Code   RO         2392    i.SPI_I2S_GetFlagStatus  stm32f10x_spi.o
    0x08002002   0x00000006   Code   RO         2395    i.SPI_I2S_ReceiveData  stm32f10x_spi.o
    0x08002008   0x00000004   Code   RO         2396    i.SPI_I2S_SendData  stm32f10x_spi.o
    0x0800200c   0x0000003c   Code   RO         2397    i.SPI_Init          stm32f10x_spi.o
    0x08002048   0x00000002   Code   RO          210    i.SVC_Handler       stm32f10x_it.o
    0x0800204a   0x00000002   Code   RO         4131    i.SX126xAntSwOff    sx126x-board.o
    0x0800204c   0x00000002   Code   RO         4132    i.SX126xAntSwOn     sx126x-board.o
    0x0800204e   0x00000002   PAD
    0x08002050   0x00000088   Code   RO         3841    i.SX126xCalibrateImage  sx126x.o
    0x080020d8   0x0000001e   Code   RO         3842    i.SX126xCheckDeviceReady  sx126x.o
    0x080020f6   0x0000001c   Code   RO         3844    i.SX126xClearIrqStatus  sx126x.o
    0x08002112   0x0000001a   Code   RO         3846    i.SX126xGetIrqStatus  sx126x.o
    0x0800212c   0x0000000c   Code   RO         3847    i.SX126xGetOperatingMode  sx126x.o
    0x08002138   0x00000006   Code   RO         4134    i.SX126xGetPaSelect  sx126x-board.o
    0x0800213e   0x00000002   PAD
    0x08002140   0x0000009c   Code   RO         3848    i.SX126xGetPacketStatus  sx126x.o
    0x080021dc   0x0000000c   Code   RO         3849    i.SX126xGetPacketType  sx126x.o
    0x080021e8   0x0000002e   Code   RO         3850    i.SX126xGetPayload  sx126x.o
    0x08002216   0x0000001c   Code   RO         3852    i.SX126xGetRssiInst  sx126x.o
    0x08002232   0x00000042   Code   RO         3853    i.SX126xGetRxBufferStatus  sx126x.o
    0x08002274   0x00000024   Code   RO         3855    i.SX126xInit        sx126x.o
    0x08002298   0x00000060   Code   RO         4135    i.SX126xReadBuffer  sx126x-board.o
    0x080022f8   0x00000058   Code   RO         4136    i.SX126xReadCommand  sx126x-board.o
    0x08002350   0x00000014   Code   RO         4137    i.SX126xReadRegister  sx126x-board.o
    0x08002364   0x00000068   Code   RO         4138    i.SX126xReadRegisters  sx126x-board.o
    0x080023cc   0x00000030   Code   RO         4139    i.SX126xReset       sx126x-board.o
    0x080023fc   0x00000018   Code   RO         3856    i.SX126xSendPayload  sx126x.o
    0x08002414   0x0000001a   Code   RO         3857    i.SX126xSetBufferBaseAddress  sx126x.o
    0x0800242e   0x00000002   PAD
    0x08002430   0x00000018   Code   RO         3858    i.SX126xSetCad      sx126x.o
    0x08002448   0x0000002a   Code   RO         3860    i.SX126xSetCrcPolynomial  sx126x.o
    0x08002472   0x0000002a   Code   RO         3861    i.SX126xSetCrcSeed  sx126x.o
    0x0800249c   0x0000000e   Code   RO         3862    i.SX126xSetDio2AsRfSwitchCtrl  sx126x.o
    0x080024aa   0x0000004a   Code   RO         3864    i.SX126xSetDioIrqParams  sx126x.o
    0x080024f4   0x0000000e   Code   RO         3866    i.SX126xSetLoRaSymbNumTimeout  sx126x.o
    0x08002502   0x00000002   PAD
    0x08002504   0x00000124   Code   RO         3867    i.SX126xSetModulationParams  sx126x.o
    0x08002628   0x00000026   Code   RO         3868    i.SX126xSetPaConfig  sx126x.o
    0x0800264e   0x00000002   PAD
    0x08002650   0x000000e0   Code   RO         3869    i.SX126xSetPacketParams  sx126x.o
    0x08002730   0x0000001c   Code   RO         3870    i.SX126xSetPacketType  sx126x.o
    0x0800274c   0x00000012   Code   RO         3871    i.SX126xSetPayload  sx126x.o
    0x0800275e   0x0000000e   Code   RO         3872    i.SX126xSetRegulatorMode  sx126x.o
    0x0800276c   0x00000090   Code   RO         3873    i.SX126xSetRfFrequency  sx126x.o
    0x080027fc   0x0000000e   Code   RO         4140    i.SX126xSetRfTxPower  sx126x-board.o
    0x0800280a   0x00000002   PAD
    0x0800280c   0x0000002c   Code   RO         3874    i.SX126xSetRx       sx126x.o
    0x08002838   0x00000038   Code   RO         3875    i.SX126xSetRxBoosted  sx126x.o
    0x08002870   0x00000040   Code   RO         3876    i.SX126xSetRxDutyCycle  sx126x.o
    0x080028b0   0x0000001c   Code   RO         3878    i.SX126xSetSleep    sx126x.o
    0x080028cc   0x00000028   Code   RO         3879    i.SX126xSetStandby  sx126x.o
    0x080028f4   0x0000000e   Code   RO         3880    i.SX126xSetStopRxTimerOnPreambleDetect  sx126x.o
    0x08002902   0x00000014   Code   RO         3881    i.SX126xSetSyncWord  sx126x.o
    0x08002916   0x00000002   PAD
    0x08002918   0x0000002c   Code   RO         3882    i.SX126xSetTx       sx126x.o
    0x08002944   0x0000000e   Code   RO         3883    i.SX126xSetTxContinuousWave  sx126x.o
    0x08002952   0x0000008a   Code   RO         3885    i.SX126xSetTxParams  sx126x.o
    0x080029dc   0x0000003a   Code   RO         3886    i.SX126xSetWhiteningSeed  sx126x.o
    0x08002a16   0x00000002   PAD
    0x08002a18   0x00000018   Code   RO         4141    i.SX126xWaitOnBusy  sx126x-board.o
    0x08002a30   0x00000030   Code   RO         4142    i.SX126xWakeup      sx126x-board.o
    0x08002a60   0x00000054   Code   RO         4143    i.SX126xWriteBuffer  sx126x-board.o
    0x08002ab4   0x00000050   Code   RO         4144    i.SX126xWriteCommand  sx126x-board.o
    0x08002b04   0x00000010   Code   RO         4145    i.SX126xWriteRegister  sx126x-board.o
    0x08002b14   0x0000005c   Code   RO         4146    i.SX126xWriteRegisters  sx126x-board.o
    0x08002b70   0x00000008   Code   RO          278    i.SetSysClock       system_stm32f10x.o
    0x08002b78   0x000000e0   Code   RO          279    i.SetSysClockTo72   system_stm32f10x.o
    0x08002c58   0x00000024   Code   RO          211    i.SysTick_Handler   stm32f10x_it.o
    0x08002c7c   0x00000060   Code   RO          281    i.SystemInit        system_stm32f10x.o
    0x08002cdc   0x00000034   Code   RO         3412    i.USART1_IRQHandler  hal_uart_api.o
    0x08002d10   0x00000034   Code   RO         3413    i.USART2_IRQHandler  hal_uart_api.o
    0x08002d44   0x00000034   Code   RO         3414    i.USART3_IRQHandler  hal_uart_api.o
    0x08002d78   0x00000018   Code   RO         3075    i.USART_Cmd         stm32f10x_usart.o
    0x08002d90   0x0000009c   Code   RO         3077    i.USART_DeInit      stm32f10x_usart.o
    0x08002e2c   0x0000001a   Code   RO         3078    i.USART_GetFlagStatus  stm32f10x_usart.o
    0x08002e46   0x0000004a   Code   RO         3081    i.USART_ITConfig    stm32f10x_usart.o
    0x08002e90   0x000000d8   Code   RO         3082    i.USART_Init        stm32f10x_usart.o
    0x08002f68   0x0000000a   Code   RO         3089    i.USART_ReceiveData  stm32f10x_usart.o
    0x08002f72   0x00000008   Code   RO         3092    i.USART_SendData    stm32f10x_usart.o
    0x08002f7a   0x00000004   Code   RO          212    i.UsageFault_Handler  stm32f10x_it.o
    0x08002f7e   0x00000028   Code   RO         4363    i.__ARM_fpclassify  m_ws.l(fpclassify.o)
    0x08002fa6   0x000000aa   Code   RO         4365    i.__kernel_poly     m_ws.l(poly.o)
    0x08003050   0x00000010   Code   RO         4349    i.__mathlib_dbl_divzero  m_ws.l(dunder.o)
    0x08003060   0x00000004   Code   RO         4351    i.__mathlib_dbl_infnan2  m_ws.l(dunder.o)
    0x08003064   0x0000000c   Code   RO         4352    i.__mathlib_dbl_invalid  m_ws.l(dunder.o)
    0x08003070   0x0000000e   Code   RO         4353    i.__mathlib_dbl_overflow  m_ws.l(dunder.o)
    0x0800307e   0x00000002   PAD
    0x08003080   0x00000010   Code   RO         4355    i.__mathlib_dbl_underflow  m_ws.l(dunder.o)
    0x08003090   0x00000006   Code   RO         3415    i._sys_exit         hal_uart_api.o
    0x08003096   0x00000002   PAD
    0x08003098   0x000000dc   Code   RO         4305    i.ceil              m_ws.l(ceil.o)
    0x08003174   0x000000dc   Code   RO         4309    i.floor             m_ws.l(floor.o)
    0x08003250   0x00000024   Code   RO         3416    i.fputc             hal_uart_api.o
    0x08003274   0x00000184   Code   RO           29    i.main              main.o
    0x080033f8   0x000009d8   Code   RO         4313    i.pow               m_ws.l(pow.o)
    0x08003dd0   0x00000004   Code   RO         4322    i.rint              m_ws.l(rint.o)
    0x08003dd4   0x0000004c   Code   RO         4369    i.sqrt              m_ws.l(sqrt.o)
    0x08003e20   0x00000150   Code   RO         4280    x$fpl$dadd          fz_ws.l(daddsub_clz.o)
    0x08003f70   0x00000010   Code   RO         4402    x$fpl$dcheck1       fz_ws.l(dcheck1.o)
    0x08003f80   0x00000018   Code   RO         4404    x$fpl$dcmpinf       fz_ws.l(dcmpi.o)
    0x08003f98   0x000002b0   Code   RO         4287    x$fpl$ddiv          fz_ws.l(ddiv.o)
    0x08004248   0x0000005a   Code   RO         4290    x$fpl$dfixu         fz_ws.l(dfixu.o)
    0x080042a2   0x0000002e   Code   RO         4295    x$fpl$dflt          fz_ws.l(dflt_clz.o)
    0x080042d0   0x00000026   Code   RO         4294    x$fpl$dfltu         fz_ws.l(dflt_clz.o)
    0x080042f6   0x00000002   PAD
    0x080042f8   0x00000078   Code   RO         4338    x$fpl$dleqf         fz_ws.l(dleqf.o)
    0x08004370   0x00000154   Code   RO         4300    x$fpl$dmul          fz_ws.l(dmul.o)
    0x080044c4   0x0000009c   Code   RO         4340    x$fpl$dnaninf       fz_ws.l(dnaninf.o)
    0x08004560   0x0000000c   Code   RO         4342    x$fpl$dretinf       fz_ws.l(dretinf.o)
    0x0800456c   0x0000006c   Code   RO         4302    x$fpl$drleqf        fz_ws.l(drleqf.o)
    0x080045d8   0x000000b4   Code   RO         4344    x$fpl$drnd          fz_ws.l(drnd.o)
    0x0800468c   0x00000016   Code   RO         4281    x$fpl$drsb          fz_ws.l(daddsub_clz.o)
    0x080046a2   0x00000002   PAD
    0x080046a4   0x000001cc   Code   RO         4406    x$fpl$dsqrt         fz_ws.l(dsqrt_noumaal.o)
    0x08004870   0x000001d4   Code   RO         4282    x$fpl$dsub          fz_ws.l(daddsub_clz.o)
    0x08004a44   0x00000064   Code   RO         4423    x$fpl$retnan        fz_ws.l(retnan.o)
    0x08004aa8   0x0000005c   Code   RO         4346    x$fpl$scalbn        fz_ws.l(scalbn.o)
    0x08004b04   0x00000030   Code   RO         4472    x$fpl$trapveneer    fz_ws.l(trapv.o)
    0x08004b34   0x00000000   Code   RO         4348    x$fpl$usenofp       fz_ws.l(usenofp.o)
    0x08004b34   0x00000056   Data   RO           31    .constdata          main.o
    0x08004b8a   0x00000002   PAD
    0x08004b8c   0x00000093   Data   RO         3342    .constdata          hal_gpio_api.o
    0x08004c1f   0x00000006   Data   RO         3418    .constdata          hal_uart_api.o
    0x08004c25   0x00000001   PAD
    0x08004c26   0x0000001c   Data   RO         3477    .constdata          hal_spi_api.o
    0x08004c42   0x00000014   Data   RO         3518    .constdata          example_hal_gpio_in_out.o
    0x08004c56   0x00000002   PAD
    0x08004c58   0x0000011f   Data   RO         3644    .constdata          radio.o
    0x08004d77   0x00000001   PAD
    0x08004d78   0x00000088   Data   RO         4314    .constdata          m_ws.l(pow.o)
    0x08004e00   0x00000008   Data   RO         4367    .constdata          m_ws.l(qnan.o)
    0x08004e08   0x00000020   Data   RO         4547    Region$$Table       anon$$obj.o


    Execution Region RW_IRAM1 (Base: 0x20000000, Size: 0x000009f0, Max: 0x00005000, ABSOLUTE, COMPRESSED[0x00000074])

    Base Addr    Size         Type   Attr      Idx    E Section Name        Object

    0x20000000   0x00000008   Data   RW           32    .data               main.o
    0x20000008   0x00000004   Data   RW          213    .data               stm32f10x_it.o
    0x2000000c   0x00000014   Data   RW          282    .data               system_stm32f10x.o
    0x20000020   0x00000014   Data   RW         1935    .data               stm32f10x_rcc.o
    0x20000034   0x0000001c   Data   RW         3343    .data               hal_gpio_api.o
    0x20000050   0x0000001c   Data   RW         3419    .data               hal_uart_api.o
    0x2000006c   0x00000028   Data   RW         3478    .data               hal_spi_api.o
    0x20000094   0x00000004   Data   RW         3500    .data               my_delay.o
    0x20000098   0x000000a4   Data   RW         3645    .data               radio.o
    0x2000013c   0x00000009   Data   RW         3887    .data               sx126x.o
    0x20000145   0x00000003   PAD
    0x20000148   0x0000009c   Zero   RW           30    .bss                main.o
    0x200001e4   0x00000040   Zero   RW         3341    .bss                hal_gpio_api.o
    0x20000224   0x00000018   Zero   RW         3417    .bss                hal_uart_api.o
    0x2000023c   0x00000150   Zero   RW         3643    .bss                radio.o
    0x2000038c   0x00000060   Zero   RW         4409    .bss                c_w.l(libspace.o)
    0x200003ec   0x00000004   PAD
    0x200003f0   0x00000200   Zero   RW           18    HEAP                startup_stm32f10x_md.o
    0x200005f0   0x00000400   Zero   RW           17    STACK               startup_stm32f10x_md.o


==============================================================================

Image component sizes


      Code (inc. data)   RO Data    RW Data    ZI Data      Debug   Object Name

         0          0          0          0          0       4540   core_cm3.o
       144          0          0          0          0       1863   crc.o
       168         32         20          0          0        718   example_hal_gpio_in_out.o
        58          0          0          0          0        709   example_hal_spi_init.o
        30          0          0          0          0        666   example_hal_uart_init.o
       108         12          0          0          0      15867   hal_common.o
       744         62        147         28         64       8665   hal_gpio_api.o
       552         28         28         40          0       3651   hal_spi_api.o
       526         54          6         28         24       6580   hal_uart_api.o
      1152        384         86          8        156      46160   main.o
       132         22          0          0          0     207251   misc.o
        20          4          0          4          0       1104   my_delay.o
      2646        168        287        164        336      22330   radio.o
        64         26        236          0       1536        828   startup_stm32f10x_md.o
        52         12          0          0          0       1184   stm32f10x_exti.o
       314          0          0          0          0       4396   stm32f10x_gpio.o
        60          8          0          4          0       4502   stm32f10x_it.o
       340         44          0         20          0       5764   stm32f10x_rcc.o
       112          0          0          0          0       3990   stm32f10x_spi.o
       514         28          0          0          0       6220   stm32f10x_usart.o
       724         46          0          0          0       9738   sx126x-board.o
      2114        116          0          9          0      23395   sx126x.o
       328         28          0         20          0       2217   system_stm32f10x.o

    ----------------------------------------------------------------------
     10926       1074        848        328       2116     382338   Object Totals
         0          0         32          0          0          0   (incl. Generated)
        24          0          6          3          0          0   (incl. Padding)

    ----------------------------------------------------------------------

      Code (inc. data)   RO Data    RW Data    ZI Data      Debug   Library Member Name

        90          0          0          0          0          0   __dczerorl2.o
         8          0          0          0          0         68   __main.o
       104          0          0          0          0         84   __printf.o
         0          0          0          0          0          0   __rtentry.o
        12          0          0          0          0          0   __rtentry2.o
         6          0          0          0          0          0   __rtentry4.o
        52          8          0          0          0          0   __scatter.o
        28          0          0          0          0          0   __scatter_zi.o
        44          0          0          0          0        108   _printf_char.o
        48          6          0          0          0         96   _printf_char_common.o
        36          4          0          0          0         80   _printf_char_file.o
         6          0          0          0          0          0   _printf_d.o
       120         16          0          0          0         92   _printf_dec.o
       178          0          0          0          0         88   _printf_intcommon.o
         0          0          0          0          0          0   _printf_percent.o
         4          0          0          0          0          0   _printf_percent_end.o
         6          0          0          0          0          0   _printf_s.o
        82          0          0          0          0         80   _printf_str.o
        22          0          0          0          0        100   _rserrno.o
        18          0          0          0          0         80   exit.o
         8          0          0          0          0         68   ferror.o
         6          0          0          0          0        152   heapauxi.o
         2          0          0          0          0          0   libinit.o
         2          0          0          0          0          0   libinit2.o
         2          0          0          0          0          0   libshutdown.o
         2          0          0          0          0          0   libshutdown2.o
         8          4          0          0         96         68   libspace.o
        88          0          0          0          0         76   memcmp.o
        24          4          0          0          0         84   noretval__2printf.o
         8          4          0          0          0         68   rt_errno_addr_intlibspace.o
        78          0          0          0          0         80   rt_memclr_w.o
       138          0          0          0          0         68   rt_memcpy_v6.o
       100          0          0          0          0         80   rt_memcpy_w.o
         2          0          0          0          0          0   rtexit.o
        10          0          0          0          0          0   rtexit2.o
        74          0          0          0          0         80   sys_stackheap_outer.o
         2          0          0          0          0         68   use_no_semi.o
         2          0          0          0          0         68   use_no_semi_2.o
       826         16          0          0          0        348   daddsub_clz.o
        16          4          0          0          0         68   dcheck1.o
        24          0          0          0          0         68   dcmpi.o
       688        140          0          0          0        208   ddiv.o
        90          4          0          0          0         92   dfixu.o
        84          0          0          0          0        136   dflt_clz.o
       120          4          0          0          0         92   dleqf.o
       340         12          0          0          0        104   dmul.o
       156          4          0          0          0         92   dnaninf.o
        12          0          0          0          0         68   dretinf.o
       108          0          0          0          0         80   drleqf.o
       180          4          0          0          0         80   drnd.o
       460         56          0          0          0        120   dsqrt_noumaal.o
       100          0          0          0          0         68   retnan.o
        92          0          0          0          0         68   scalbn.o
        48          0          0          0          0         68   trapv.o
         0          0          0          0          0          0   usenofp.o
       220         16          0          0          0         84   ceil.o
        62         10          0          0          0        340   dunder.o
       220         16          0          0          0         84   floor.o
        40          0          0          0          0         68   fpclassify.o
       170          0          0          0          0         96   poly.o
      2520        190        136          0          0        324   pow.o
         0          0          8          0          0          0   qnan.o
         4          0          0          0          0         68   rint.o
        76          0          0          0          0         84   sqrt.o

    ----------------------------------------------------------------------
      8090        522        144          0        100       4744   Library Totals
        14          0          0          0          4          0   (incl. Padding)

    ----------------------------------------------------------------------

      Code (inc. data)   RO Data    RW Data    ZI Data      Debug   Library Name

      1420         46          0          0         96       1836   c_w.l
      3344        244          0          0          0       1760   fz_ws.l
      3312        232        144          0          0       1148   m_ws.l

    ----------------------------------------------------------------------
      8090        522        144          0        100       4744   Library Totals

    ----------------------------------------------------------------------

==============================================================================


      Code (inc. data)   RO Data    RW Data    ZI Data      Debug   

     19016       1596        992        328       2216     377094   Grand Totals
     19016       1596        992        116       2216     377094   ELF Image Totals (compressed)
     19016       1596        992        116          0          0   ROM Totals

==============================================================================

    Total RO  Size (Code + RO Data)                20008 (  19.54kB)
    Total RW  Size (RW Data + ZI Data)              2544 (   2.48kB)
    Total ROM Size (Code + RO Data + RW Data)      20124 (  19.65kB)

==============================================================================

